Archive member included to satisfy reference by file (symbol)

phos.a(serial.o)              speed.o (serial_putc)
phos.a(phos.o)                phos.a(serial.o) (send)
phos.a(mpx-m0.o)              phos.a(phos.o) (setstack)
phos.a(lib.o)                 phos.a(serial.o) (do_print)
phos.a(startup.o)             phos.a(phos.o) (spin)
c:/program files (x86)/gnu tools arm embedded/7 2018-q2-update/bin/../lib/gcc/arm-none-eabi/7.3.1/../../../../arm-none-eabi/lib/thumb/v6-m\libc_nano.a(lib_a-memset.o)
                              phos.a(phos.o) (memset)
c:/program files (x86)/gnu tools arm embedded/7 2018-q2-update/bin/../lib/gcc/arm-none-eabi/7.3.1/../../../../arm-none-eabi/lib/thumb/v6-m\libc_nano.a(lib_a-strlen.o)
                              phos.a(phos.o) (strlen)
c:/program files (x86)/gnu tools arm embedded/7 2018-q2-update/bin/../lib/gcc/arm-none-eabi/7.3.1/../../../../arm-none-eabi/lib/thumb/v6-m\libc_nano.a(lib_a-strncpy.o)
                              phos.a(phos.o) (strncpy)
c:/program files (x86)/gnu tools arm embedded/7 2018-q2-update/bin/../lib/gcc/arm-none-eabi/7.3.1/thumb/v6-m\libgcc.a(_udivsi3.o)
                              phos.a(lib.o) (__aeabi_uidiv)
c:/program files (x86)/gnu tools arm embedded/7 2018-q2-update/bin/../lib/gcc/arm-none-eabi/7.3.1/thumb/v6-m\libgcc.a(_dvmd_tls.o)
                              c:/program files (x86)/gnu tools arm embedded/7 2018-q2-update/bin/../lib/gcc/arm-none-eabi/7.3.1/thumb/v6-m\libgcc.a(_udivsi3.o) (__aeabi_idiv0)

Memory Configuration

Name             Origin             Length             Attributes
FLASH            0x00000000         0x00040000         xr
RAM              0x20000000         0x00004000         xrw
*default*        0x00000000         0xffffffff

Linker script and memory map

LOAD speed.o
LOAD phos.a
LOAD c:/program files (x86)/gnu tools arm embedded/7 2018-q2-update/bin/../lib/gcc/arm-none-eabi/7.3.1/../../../../arm-none-eabi/lib/thumb/v6-m\libc_nano.a
LOAD c:/program files (x86)/gnu tools arm embedded/7 2018-q2-update/bin/../lib/gcc/arm-none-eabi/7.3.1/thumb/v6-m\libgcc.a

.text           0x00000000     0x1374
 *(.vectors)
 .vectors       0x00000000       0xc0 phos.a(startup.o)
                0x00000000                __vectors
 *(.text*)
 .text          0x000000c0       0x58 speed.o
                0x000000c0                put_string
                0x000000d8                produce_task
                0x000000f0                init
 .text          0x00000118      0x390 phos.a(serial.o)
                0x00000140                serial_putc
                0x0000044c                serial_printf
                0x0000046c                serial_getc
                0x00000486                serial_init
 .text          0x000004a8      0x7a0 phos.a(phos.o)
                0x00000524                exit
                0x00000614                interrupt
                0x00000678                yield
                0x0000067c                phos_start
                0x00000698                send
                0x0000069c                receive
                0x000006a0                sendrec
                0x000006a4                connect
                0x000006a8                setprio
                0x000006ac                dump
                0x000006b0                kprintf
                0x000006e0                panic
                0x00000724                intr_handler
                0x0000078c                hardfault_handler
                0x000007d8                phos_init
                0x0000084c                start
                0x00000934                system_call
 .text          0x00000c48       0x80 phos.a(mpx-m0.o)
                0x00000c48                setstack
                0x00000c82                svc_handler
                0x00000c92                phos_interrupt
                0x00000ca8                lock
                0x00000cb4                unlock
                0x00000cb8                restore
 .text          0x00000cc8      0x230 phos.a(lib.o)
                0x00000d18                f_printc
                0x00000d22                f_storec
                0x00000d2c                atoi
                0x00000d6c                xtou
                0x00000da6                _do_print
                0x00000eb0                do_print
                0x00000ec4                sprintf
 .text          0x00000ef8      0x154 phos.a(startup.o)
                0x00000ef8                default_handler
                0x00000ef8                spin
                0x00000f40                null
                0x00000f42                __reset
                0x00000fbc                set_priority
                0x0000101c                enable_irq
                0x0000102c                disable_irq
                0x0000103c                clear_pending
 .text          0x0000104c        0x0 c:/program files (x86)/gnu tools arm embedded/7 2018-q2-update/bin/../lib/gcc/arm-none-eabi/7.3.1/../../../../arm-none-eabi/lib/thumb/v6-m\libc_nano.a(lib_a-memset.o)
 .text.memset   0x0000104c       0x10 c:/program files (x86)/gnu tools arm embedded/7 2018-q2-update/bin/../lib/gcc/arm-none-eabi/7.3.1/../../../../arm-none-eabi/lib/thumb/v6-m\libc_nano.a(lib_a-memset.o)
                0x0000104c                memset
 .text          0x0000105c        0xe c:/program files (x86)/gnu tools arm embedded/7 2018-q2-update/bin/../lib/gcc/arm-none-eabi/7.3.1/../../../../arm-none-eabi/lib/thumb/v6-m\libc_nano.a(lib_a-strlen.o)
                0x0000105c                strlen
 .text          0x0000106a        0x0 c:/program files (x86)/gnu tools arm embedded/7 2018-q2-update/bin/../lib/gcc/arm-none-eabi/7.3.1/../../../../arm-none-eabi/lib/thumb/v6-m\libc_nano.a(lib_a-strncpy.o)
 .text.strncpy  0x0000106a       0x28 c:/program files (x86)/gnu tools arm embedded/7 2018-q2-update/bin/../lib/gcc/arm-none-eabi/7.3.1/../../../../arm-none-eabi/lib/thumb/v6-m\libc_nano.a(lib_a-strncpy.o)
                0x0000106a                strncpy
 *fill*         0x00001092        0x2 
 .text          0x00001094      0x114 c:/program files (x86)/gnu tools arm embedded/7 2018-q2-update/bin/../lib/gcc/arm-none-eabi/7.3.1/thumb/v6-m\libgcc.a(_udivsi3.o)
                0x00001094                __aeabi_uidiv
                0x00001094                __udivsi3
                0x000011a0                __aeabi_uidivmod
 .text          0x000011a8        0x4 c:/program files (x86)/gnu tools arm embedded/7 2018-q2-update/bin/../lib/gcc/arm-none-eabi/7.3.1/thumb/v6-m\libgcc.a(_dvmd_tls.o)
                0x000011a8                __aeabi_idiv0
                0x000011a8                __aeabi_ldiv0
 *(.rodata*)
 .rodata.str1.4
                0x000011ac        0xf speed.o
 *fill*         0x000011bb        0x1 
 .rodata.str1.4
                0x000011bc       0x53 phos.a(serial.o)
 *fill*         0x0000120f        0x1 
 .rodata        0x00001210       0x20 phos.a(phos.o)
 .rodata.str1.4
                0x00001230       0xd7 phos.a(phos.o)
                                 0xdf (size before relaxing)
 *fill*         0x00001307        0x1 
 .rodata        0x00001308       0x58 phos.a(lib.o)
 .rodata.str1.4
                0x00001360       0x14 phos.a(lib.o)
                                 0x11 (size before relaxing)
                0x00001374                . = ALIGN (0x4)
                0x00001374                __etext = .

.glue_7         0x00001374        0x0
 .glue_7        0x00001374        0x0 linker stubs

.glue_7t        0x00001374        0x0
 .glue_7t       0x00001374        0x0 linker stubs

.vfp11_veneer   0x00001374        0x0
 .vfp11_veneer  0x00001374        0x0 linker stubs

.v4_bx          0x00001374        0x0
 .v4_bx         0x00001374        0x0 linker stubs

.iplt           0x00001374        0x0
 .iplt          0x00001374        0x0 speed.o

.rel.dyn        0x00001374        0x0
 .rel.iplt      0x00001374        0x0 speed.o

.data           0x20000000        0xc load address 0x00001374
                0x20000000                __data_start = .
 *(.data*)
 .data          0x20000000        0x0 speed.o
 .data          0x20000000        0x8 phos.a(serial.o)
 .data          0x20000008        0x4 phos.a(phos.o)
 .data          0x2000000c        0x0 phos.a(mpx-m0.o)
 .data          0x2000000c        0x0 phos.a(lib.o)
 .data          0x2000000c        0x0 phos.a(startup.o)
 .data          0x2000000c        0x0 c:/program files (x86)/gnu tools arm embedded/7 2018-q2-update/bin/../lib/gcc/arm-none-eabi/7.3.1/../../../../arm-none-eabi/lib/thumb/v6-m\libc_nano.a(lib_a-memset.o)
 .data          0x2000000c        0x0 c:/program files (x86)/gnu tools arm embedded/7 2018-q2-update/bin/../lib/gcc/arm-none-eabi/7.3.1/../../../../arm-none-eabi/lib/thumb/v6-m\libc_nano.a(lib_a-strlen.o)
 .data          0x2000000c        0x0 c:/program files (x86)/gnu tools arm embedded/7 2018-q2-update/bin/../lib/gcc/arm-none-eabi/7.3.1/../../../../arm-none-eabi/lib/thumb/v6-m\libc_nano.a(lib_a-strncpy.o)
 .data          0x2000000c        0x0 c:/program files (x86)/gnu tools arm embedded/7 2018-q2-update/bin/../lib/gcc/arm-none-eabi/7.3.1/thumb/v6-m\libgcc.a(_udivsi3.o)
 .data          0x2000000c        0x0 c:/program files (x86)/gnu tools arm embedded/7 2018-q2-update/bin/../lib/gcc/arm-none-eabi/7.3.1/thumb/v6-m\libgcc.a(_dvmd_tls.o)
                0x2000000c                . = ALIGN (0x4)
                0x2000000c                __data_end = .

.igot.plt       0x2000000c        0x0 load address 0x00001380
 .igot.plt      0x2000000c        0x0 speed.o

.bss            0x2000000c      0x584 load address 0x00001380
                0x2000000c                __bss_start = .
 *(.bss*)
 .bss           0x2000000c        0x0 speed.o
 .bss           0x2000000c      0x11c phos.a(serial.o)
 .bss           0x20000128      0x464 phos.a(phos.o)
 .bss           0x2000058c        0x4 phos.a(mpx-m0.o)
 .bss           0x20000590        0x0 phos.a(lib.o)
 .bss           0x20000590        0x0 phos.a(startup.o)
 .bss           0x20000590        0x0 c:/program files (x86)/gnu tools arm embedded/7 2018-q2-update/bin/../lib/gcc/arm-none-eabi/7.3.1/../../../../arm-none-eabi/lib/thumb/v6-m\libc_nano.a(lib_a-memset.o)
 .bss           0x20000590        0x0 c:/program files (x86)/gnu tools arm embedded/7 2018-q2-update/bin/../lib/gcc/arm-none-eabi/7.3.1/../../../../arm-none-eabi/lib/thumb/v6-m\libc_nano.a(lib_a-strlen.o)
 .bss           0x20000590        0x0 c:/program files (x86)/gnu tools arm embedded/7 2018-q2-update/bin/../lib/gcc/arm-none-eabi/7.3.1/../../../../arm-none-eabi/lib/thumb/v6-m\libc_nano.a(lib_a-strncpy.o)
 .bss           0x20000590        0x0 c:/program files (x86)/gnu tools arm embedded/7 2018-q2-update/bin/../lib/gcc/arm-none-eabi/7.3.1/thumb/v6-m\libgcc.a(_udivsi3.o)
 .bss           0x20000590        0x0 c:/program files (x86)/gnu tools arm embedded/7 2018-q2-update/bin/../lib/gcc/arm-none-eabi/7.3.1/thumb/v6-m\libgcc.a(_dvmd_tls.o)
 *(COMMON)
                0x20000590                . = ALIGN (0x4)
                0x20000590                __bss_end = .
                0x20000590                __end = .
                0x20004000                __stack = (ORIGIN (RAM) + LENGTH (RAM))
                0x20003800                __stack_limit = (__stack - 0x800)
                0x00000001                ASSERT ((__stack_limit >= __end), region RAM overlaps with stack)
OUTPUT(speed.elf elf32-littlearm)

.debug_info     0x00000000     0x26ba
 .debug_info    0x00000000      0x14a speed.o
 .debug_info    0x0000014a      0x5e4 phos.a(serial.o)
 .debug_info    0x0000072e     0x1865 phos.a(phos.o)
 .debug_info    0x00001f93      0x564 phos.a(lib.o)
 .debug_info    0x000024f7      0x1c3 phos.a(startup.o)

.debug_abbrev   0x00000000      0xa24
 .debug_abbrev  0x00000000       0xa7 speed.o
 .debug_abbrev  0x000000a7      0x1d9 phos.a(serial.o)
 .debug_abbrev  0x00000280      0x469 phos.a(phos.o)
 .debug_abbrev  0x000006e9      0x228 phos.a(lib.o)
 .debug_abbrev  0x00000911      0x113 phos.a(startup.o)

.debug_loc      0x00000000     0x14d0
 .debug_loc     0x00000000       0xac speed.o
 .debug_loc     0x000000ac      0x12a phos.a(serial.o)
 .debug_loc     0x000001d6      0xc7f phos.a(phos.o)
 .debug_loc     0x00000e55      0x5b3 phos.a(lib.o)
 .debug_loc     0x00001408       0xc8 phos.a(startup.o)

.debug_aranges  0x00000000       0xa0
 .debug_aranges
                0x00000000       0x20 speed.o
 .debug_aranges
                0x00000020       0x20 phos.a(serial.o)
 .debug_aranges
                0x00000040       0x20 phos.a(phos.o)
 .debug_aranges
                0x00000060       0x20 phos.a(lib.o)
 .debug_aranges
                0x00000080       0x20 phos.a(startup.o)

.debug_line     0x00000000      0x708
 .debug_line    0x00000000       0x5a speed.o
 .debug_line    0x0000005a      0x181 phos.a(serial.o)
 .debug_line    0x000001db      0x361 phos.a(phos.o)
 .debug_line    0x0000053c      0x144 phos.a(lib.o)
 .debug_line    0x00000680       0x88 phos.a(startup.o)

.debug_str      0x00000000      0x8fd
 .debug_str     0x00000000      0x11d speed.o
                                0x12d (size before relaxing)
 .debug_str     0x0000011d      0x117 phos.a(serial.o)
                                0x267 (size before relaxing)
 .debug_str     0x00000234      0x611 phos.a(phos.o)
                                0x841 (size before relaxing)
 .debug_str     0x00000845       0x4c phos.a(lib.o)
                                0x15e (size before relaxing)
 .debug_str     0x00000891       0x6c phos.a(startup.o)
                                0x167 (size before relaxing)

.comment        0x00000000       0x7f
 .comment       0x00000000       0x7f speed.o
                                 0x80 (size before relaxing)
 .comment       0x0000007f       0x80 phos.a(serial.o)
 .comment       0x0000007f       0x80 phos.a(phos.o)
 .comment       0x0000007f       0x80 phos.a(lib.o)
 .comment       0x0000007f       0x80 phos.a(startup.o)

.ARM.attributes
                0x00000000       0x2f
 .ARM.attributes
                0x00000000       0x31 speed.o
 .ARM.attributes
                0x00000031       0x31 phos.a(serial.o)
 .ARM.attributes
                0x00000062       0x31 phos.a(phos.o)
 .ARM.attributes
                0x00000093       0x21 phos.a(mpx-m0.o)
 .ARM.attributes
                0x000000b4       0x31 phos.a(lib.o)
 .ARM.attributes
                0x000000e5       0x31 phos.a(startup.o)
 .ARM.attributes
                0x00000116       0x2c c:/program files (x86)/gnu tools arm embedded/7 2018-q2-update/bin/../lib/gcc/arm-none-eabi/7.3.1/../../../../arm-none-eabi/lib/thumb/v6-m\libc_nano.a(lib_a-memset.o)
 .ARM.attributes
                0x00000142       0x1c c:/program files (x86)/gnu tools arm embedded/7 2018-q2-update/bin/../lib/gcc/arm-none-eabi/7.3.1/../../../../arm-none-eabi/lib/thumb/v6-m\libc_nano.a(lib_a-strlen.o)
 .ARM.attributes
                0x0000015e       0x2c c:/program files (x86)/gnu tools arm embedded/7 2018-q2-update/bin/../lib/gcc/arm-none-eabi/7.3.1/../../../../arm-none-eabi/lib/thumb/v6-m\libc_nano.a(lib_a-strncpy.o)
 .ARM.attributes
                0x0000018a       0x1e c:/program files (x86)/gnu tools arm embedded/7 2018-q2-update/bin/../lib/gcc/arm-none-eabi/7.3.1/thumb/v6-m\libgcc.a(_udivsi3.o)
 .ARM.attributes
                0x000001a8       0x1e c:/program files (x86)/gnu tools arm embedded/7 2018-q2-update/bin/../lib/gcc/arm-none-eabi/7.3.1/thumb/v6-m\libgcc.a(_dvmd_tls.o)

.debug_frame    0x00000000      0x570
 .debug_frame   0x00000000       0x5c speed.o
 .debug_frame   0x0000005c       0xf0 phos.a(serial.o)
 .debug_frame   0x0000014c      0x228 phos.a(phos.o)
 .debug_frame   0x00000374       0xfc phos.a(lib.o)
 .debug_frame   0x00000470       0x94 phos.a(startup.o)
 .debug_frame   0x00000504       0x20 c:/program files (x86)/gnu tools arm embedded/7 2018-q2-update/bin/../lib/gcc/arm-none-eabi/7.3.1/../../../../arm-none-eabi/lib/thumb/v6-m\libc_nano.a(lib_a-memset.o)
 .debug_frame   0x00000524       0x2c c:/program files (x86)/gnu tools arm embedded/7 2018-q2-update/bin/../lib/gcc/arm-none-eabi/7.3.1/../../../../arm-none-eabi/lib/thumb/v6-m\libc_nano.a(lib_a-strncpy.o)
 .debug_frame   0x00000550       0x20 c:/program files (x86)/gnu tools arm embedded/7 2018-q2-update/bin/../lib/gcc/arm-none-eabi/7.3.1/thumb/v6-m\libgcc.a(_udivsi3.o)

.debug_ranges   0x00000000       0xd0
 .debug_ranges  0x00000000       0x80 phos.a(phos.o)
 .debug_ranges  0x00000080       0x50 phos.a(lib.o)
