Archive member included to satisfy reference by file (symbol)

phos.a(serial.o)              today.o (serial_putc)
phos.a(phos.o)                today.o (send)
phos.a(mpx-m0.o)              phos.a(phos.o) (setstack)
phos.a(lib.o)                 phos.a(serial.o) (do_print)
phos.a(startup.o)             phos.a(phos.o) (spin)
c:/program files (x86)/gnu tools arm embedded/7 2018-q2-update/bin/../lib/gcc/arm-none-eabi/7.3.1/../../../../arm-none-eabi/lib/thumb/v6-m\libc_nano.a(lib_a-memset.o)
                              phos.a(phos.o) (memset)
c:/program files (x86)/gnu tools arm embedded/7 2018-q2-update/bin/../lib/gcc/arm-none-eabi/7.3.1/../../../../arm-none-eabi/lib/thumb/v6-m\libc_nano.a(lib_a-strlen.o)
                              phos.a(phos.o) (strlen)
c:/program files (x86)/gnu tools arm embedded/7 2018-q2-update/bin/../lib/gcc/arm-none-eabi/7.3.1/../../../../arm-none-eabi/lib/thumb/v6-m\libc_nano.a(lib_a-strncpy.o)
                              phos.a(phos.o) (strncpy)
c:/program files (x86)/gnu tools arm embedded/7 2018-q2-update/bin/../lib/gcc/arm-none-eabi/7.3.1/thumb/v6-m\libgcc.a(_udivsi3.o)
                              phos.a(lib.o) (__aeabi_uidiv)
c:/program files (x86)/gnu tools arm embedded/7 2018-q2-update/bin/../lib/gcc/arm-none-eabi/7.3.1/thumb/v6-m\libgcc.a(_dvmd_tls.o)
                              c:/program files (x86)/gnu tools arm embedded/7 2018-q2-update/bin/../lib/gcc/arm-none-eabi/7.3.1/thumb/v6-m\libgcc.a(_udivsi3.o) (__aeabi_idiv0)

Memory Configuration

Name             Origin             Length             Attributes
FLASH            0x00000000         0x00040000         xr
RAM              0x20000000         0x00004000         xrw
*default*        0x00000000         0xffffffff

Linker script and memory map

LOAD today.o
LOAD phos.a
LOAD c:/program files (x86)/gnu tools arm embedded/7 2018-q2-update/bin/../lib/gcc/arm-none-eabi/7.3.1/../../../../arm-none-eabi/lib/thumb/v6-m\libc_nano.a
LOAD c:/program files (x86)/gnu tools arm embedded/7 2018-q2-update/bin/../lib/gcc/arm-none-eabi/7.3.1/thumb/v6-m\libgcc.a

.text           0x00000000     0x1404
 *(.vectors)
 .vectors       0x00000000       0xc0 phos.a(startup.o)
                0x00000000                __vectors
 *(.text*)
 .text          0x000000c0       0xa8 today.o
                0x000000c0                put_string
                0x000000d8                speaker
                0x0000012c                init
 .text          0x00000168      0x390 phos.a(serial.o)
                0x00000190                serial_putc
                0x0000049c                serial_printf
                0x000004bc                serial_getc
                0x000004d6                serial_init
 .text          0x000004f8      0x7a0 phos.a(phos.o)
                0x00000574                exit
                0x00000664                interrupt
                0x000006c8                yield
                0x000006cc                phos_start
                0x000006e8                send
                0x000006ec                receive
                0x000006f0                sendrec
                0x000006f4                connect
                0x000006f8                setprio
                0x000006fc                dump
                0x00000700                kprintf
                0x00000730                panic
                0x00000774                intr_handler
                0x000007dc                hardfault_handler
                0x00000828                phos_init
                0x0000089c                start
                0x00000984                system_call
 .text          0x00000c98       0x80 phos.a(mpx-m0.o)
                0x00000c98                setstack
                0x00000cd2                svc_handler
                0x00000ce2                phos_interrupt
                0x00000cf8                lock
                0x00000d04                unlock
                0x00000d08                restore
 .text          0x00000d18      0x230 phos.a(lib.o)
                0x00000d68                f_printc
                0x00000d72                f_storec
                0x00000d7c                atoi
                0x00000dbc                xtou
                0x00000df6                _do_print
                0x00000f00                do_print
                0x00000f14                sprintf
 .text          0x00000f48      0x154 phos.a(startup.o)
                0x00000f48                default_handler
                0x00000f48                spin
                0x00000f90                null
                0x00000f92                __reset
                0x0000100c                set_priority
                0x0000106c                enable_irq
                0x0000107c                disable_irq
                0x0000108c                clear_pending
 .text          0x0000109c        0x0 c:/program files (x86)/gnu tools arm embedded/7 2018-q2-update/bin/../lib/gcc/arm-none-eabi/7.3.1/../../../../arm-none-eabi/lib/thumb/v6-m\libc_nano.a(lib_a-memset.o)
 .text.memset   0x0000109c       0x10 c:/program files (x86)/gnu tools arm embedded/7 2018-q2-update/bin/../lib/gcc/arm-none-eabi/7.3.1/../../../../arm-none-eabi/lib/thumb/v6-m\libc_nano.a(lib_a-memset.o)
                0x0000109c                memset
 .text          0x000010ac        0xe c:/program files (x86)/gnu tools arm embedded/7 2018-q2-update/bin/../lib/gcc/arm-none-eabi/7.3.1/../../../../arm-none-eabi/lib/thumb/v6-m\libc_nano.a(lib_a-strlen.o)
                0x000010ac                strlen
 .text          0x000010ba        0x0 c:/program files (x86)/gnu tools arm embedded/7 2018-q2-update/bin/../lib/gcc/arm-none-eabi/7.3.1/../../../../arm-none-eabi/lib/thumb/v6-m\libc_nano.a(lib_a-strncpy.o)
 .text.strncpy  0x000010ba       0x28 c:/program files (x86)/gnu tools arm embedded/7 2018-q2-update/bin/../lib/gcc/arm-none-eabi/7.3.1/../../../../arm-none-eabi/lib/thumb/v6-m\libc_nano.a(lib_a-strncpy.o)
                0x000010ba                strncpy
 *fill*         0x000010e2        0x2 
 .text          0x000010e4      0x114 c:/program files (x86)/gnu tools arm embedded/7 2018-q2-update/bin/../lib/gcc/arm-none-eabi/7.3.1/thumb/v6-m\libgcc.a(_udivsi3.o)
                0x000010e4                __aeabi_uidiv
                0x000010e4                __udivsi3
                0x000011f0                __aeabi_uidivmod
 .text          0x000011f8        0x4 c:/program files (x86)/gnu tools arm embedded/7 2018-q2-update/bin/../lib/gcc/arm-none-eabi/7.3.1/thumb/v6-m\libgcc.a(_dvmd_tls.o)
                0x000011f8                __aeabi_idiv0
                0x000011f8                __aeabi_ldiv0
 *(.rodata*)
 .rodata        0x000011fc        0x8 today.o
 .rodata.str1.4
                0x00001204       0x47 today.o
 *fill*         0x0000124b        0x1 
 .rodata.str1.4
                0x0000124c       0x53 phos.a(serial.o)
 *fill*         0x0000129f        0x1 
 .rodata        0x000012a0       0x20 phos.a(phos.o)
 .rodata.str1.4
                0x000012c0       0xd7 phos.a(phos.o)
                                 0xdf (size before relaxing)
 *fill*         0x00001397        0x1 
 .rodata        0x00001398       0x58 phos.a(lib.o)
 .rodata.str1.4
                0x000013f0       0x14 phos.a(lib.o)
                                 0x11 (size before relaxing)
                0x00001404                . = ALIGN (0x4)
                0x00001404                __etext = .

.glue_7         0x00001404        0x0
 .glue_7        0x00001404        0x0 linker stubs

.glue_7t        0x00001404        0x0
 .glue_7t       0x00001404        0x0 linker stubs

.vfp11_veneer   0x00001404        0x0
 .vfp11_veneer  0x00001404        0x0 linker stubs

.v4_bx          0x00001404        0x0
 .v4_bx         0x00001404        0x0 linker stubs

.iplt           0x00001404        0x0
 .iplt          0x00001404        0x0 today.o

.rel.dyn        0x00001404        0x0
 .rel.iplt      0x00001404        0x0 today.o

.data           0x20000000        0xc load address 0x00001404
                0x20000000                __data_start = .
 *(.data*)
 .data          0x20000000        0x0 today.o
 .data          0x20000000        0x8 phos.a(serial.o)
 .data          0x20000008        0x4 phos.a(phos.o)
 .data          0x2000000c        0x0 phos.a(mpx-m0.o)
 .data          0x2000000c        0x0 phos.a(lib.o)
 .data          0x2000000c        0x0 phos.a(startup.o)
 .data          0x2000000c        0x0 c:/program files (x86)/gnu tools arm embedded/7 2018-q2-update/bin/../lib/gcc/arm-none-eabi/7.3.1/../../../../arm-none-eabi/lib/thumb/v6-m\libc_nano.a(lib_a-memset.o)
 .data          0x2000000c        0x0 c:/program files (x86)/gnu tools arm embedded/7 2018-q2-update/bin/../lib/gcc/arm-none-eabi/7.3.1/../../../../arm-none-eabi/lib/thumb/v6-m\libc_nano.a(lib_a-strlen.o)
 .data          0x2000000c        0x0 c:/program files (x86)/gnu tools arm embedded/7 2018-q2-update/bin/../lib/gcc/arm-none-eabi/7.3.1/../../../../arm-none-eabi/lib/thumb/v6-m\libc_nano.a(lib_a-strncpy.o)
 .data          0x2000000c        0x0 c:/program files (x86)/gnu tools arm embedded/7 2018-q2-update/bin/../lib/gcc/arm-none-eabi/7.3.1/thumb/v6-m\libgcc.a(_udivsi3.o)
 .data          0x2000000c        0x0 c:/program files (x86)/gnu tools arm embedded/7 2018-q2-update/bin/../lib/gcc/arm-none-eabi/7.3.1/thumb/v6-m\libgcc.a(_dvmd_tls.o)
                0x2000000c                . = ALIGN (0x4)
                0x2000000c                __data_end = .

.igot.plt       0x2000000c        0x0 load address 0x00001410
 .igot.plt      0x2000000c        0x0 today.o

.bss            0x2000000c      0x584 load address 0x00001410
                0x2000000c                __bss_start = .
 *(.bss*)
 .bss           0x2000000c        0x0 today.o
 .bss           0x2000000c      0x11c phos.a(serial.o)
 .bss           0x20000128      0x464 phos.a(phos.o)
 .bss           0x2000058c        0x4 phos.a(mpx-m0.o)
 .bss           0x20000590        0x0 phos.a(lib.o)
 .bss           0x20000590        0x0 phos.a(startup.o)
 .bss           0x20000590        0x0 c:/program files (x86)/gnu tools arm embedded/7 2018-q2-update/bin/../lib/gcc/arm-none-eabi/7.3.1/../../../../arm-none-eabi/lib/thumb/v6-m\libc_nano.a(lib_a-memset.o)
 .bss           0x20000590        0x0 c:/program files (x86)/gnu tools arm embedded/7 2018-q2-update/bin/../lib/gcc/arm-none-eabi/7.3.1/../../../../arm-none-eabi/lib/thumb/v6-m\libc_nano.a(lib_a-strlen.o)
 .bss           0x20000590        0x0 c:/program files (x86)/gnu tools arm embedded/7 2018-q2-update/bin/../lib/gcc/arm-none-eabi/7.3.1/../../../../arm-none-eabi/lib/thumb/v6-m\libc_nano.a(lib_a-strncpy.o)
 .bss           0x20000590        0x0 c:/program files (x86)/gnu tools arm embedded/7 2018-q2-update/bin/../lib/gcc/arm-none-eabi/7.3.1/thumb/v6-m\libgcc.a(_udivsi3.o)
 .bss           0x20000590        0x0 c:/program files (x86)/gnu tools arm embedded/7 2018-q2-update/bin/../lib/gcc/arm-none-eabi/7.3.1/thumb/v6-m\libgcc.a(_dvmd_tls.o)
 *(COMMON)
                0x20000590                . = ALIGN (0x4)
                0x20000590                __bss_end = .
                0x20000590                __end = .
                0x20004000                __stack = (ORIGIN (RAM) + LENGTH (RAM))
                0x20003800                __stack_limit = (__stack - 0x800)
                0x00000001                ASSERT ((__stack_limit >= __end), region RAM overlaps with stack)
OUTPUT(today.elf elf32-littlearm)

.debug_info     0x00000000     0x30a7
 .debug_info    0x00000000      0xb37 today.o
 .debug_info    0x00000b37      0x5e4 phos.a(serial.o)
 .debug_info    0x0000111b     0x1865 phos.a(phos.o)
 .debug_info    0x00002980      0x564 phos.a(lib.o)
 .debug_info    0x00002ee4      0x1c3 phos.a(startup.o)

.debug_abbrev   0x00000000      0xba7
 .debug_abbrev  0x00000000      0x22a today.o
 .debug_abbrev  0x0000022a      0x1d9 phos.a(serial.o)
 .debug_abbrev  0x00000403      0x469 phos.a(phos.o)
 .debug_abbrev  0x0000086c      0x228 phos.a(lib.o)
 .debug_abbrev  0x00000a94      0x113 phos.a(startup.o)

.debug_loc      0x00000000     0x14af
 .debug_loc     0x00000000       0x8b today.o
 .debug_loc     0x0000008b      0x12a phos.a(serial.o)
 .debug_loc     0x000001b5      0xc7f phos.a(phos.o)
 .debug_loc     0x00000e34      0x5b3 phos.a(lib.o)
 .debug_loc     0x000013e7       0xc8 phos.a(startup.o)

.debug_aranges  0x00000000       0xa0
 .debug_aranges
                0x00000000       0x20 today.o
 .debug_aranges
                0x00000020       0x20 phos.a(serial.o)
 .debug_aranges
                0x00000040       0x20 phos.a(phos.o)
 .debug_aranges
                0x00000060       0x20 phos.a(lib.o)
 .debug_aranges
                0x00000080       0x20 phos.a(startup.o)

.debug_line     0x00000000      0x806
 .debug_line    0x00000000      0x158 today.o
 .debug_line    0x00000158      0x181 phos.a(serial.o)
 .debug_line    0x000002d9      0x361 phos.a(phos.o)
 .debug_line    0x0000063a      0x144 phos.a(lib.o)
 .debug_line    0x0000077e       0x88 phos.a(startup.o)

.debug_str      0x00000000      0x8ff
 .debug_str     0x00000000      0x540 today.o
                                0x5b8 (size before relaxing)
 .debug_str     0x00000540       0xe4 phos.a(serial.o)
                                0x267 (size before relaxing)
 .debug_str     0x00000624      0x223 phos.a(phos.o)
                                0x841 (size before relaxing)
 .debug_str     0x00000847       0x4c phos.a(lib.o)
                                0x15e (size before relaxing)
 .debug_str     0x00000893       0x6c phos.a(startup.o)
                                0x167 (size before relaxing)

.comment        0x00000000       0x7f
 .comment       0x00000000       0x7f today.o
                                 0x80 (size before relaxing)
 .comment       0x0000007f       0x80 phos.a(serial.o)
 .comment       0x0000007f       0x80 phos.a(phos.o)
 .comment       0x0000007f       0x80 phos.a(lib.o)
 .comment       0x0000007f       0x80 phos.a(startup.o)

.ARM.attributes
                0x00000000       0x2f
 .ARM.attributes
                0x00000000       0x31 today.o
 .ARM.attributes
                0x00000031       0x31 phos.a(serial.o)
 .ARM.attributes
                0x00000062       0x31 phos.a(phos.o)
 .ARM.attributes
                0x00000093       0x21 phos.a(mpx-m0.o)
 .ARM.attributes
                0x000000b4       0x31 phos.a(lib.o)
 .ARM.attributes
                0x000000e5       0x31 phos.a(startup.o)
 .ARM.attributes
                0x00000116       0x2c c:/program files (x86)/gnu tools arm embedded/7 2018-q2-update/bin/../lib/gcc/arm-none-eabi/7.3.1/../../../../arm-none-eabi/lib/thumb/v6-m\libc_nano.a(lib_a-memset.o)
 .ARM.attributes
                0x00000142       0x1c c:/program files (x86)/gnu tools arm embedded/7 2018-q2-update/bin/../lib/gcc/arm-none-eabi/7.3.1/../../../../arm-none-eabi/lib/thumb/v6-m\libc_nano.a(lib_a-strlen.o)
 .ARM.attributes
                0x0000015e       0x2c c:/program files (x86)/gnu tools arm embedded/7 2018-q2-update/bin/../lib/gcc/arm-none-eabi/7.3.1/../../../../arm-none-eabi/lib/thumb/v6-m\libc_nano.a(lib_a-strncpy.o)
 .ARM.attributes
                0x0000018a       0x1e c:/program files (x86)/gnu tools arm embedded/7 2018-q2-update/bin/../lib/gcc/arm-none-eabi/7.3.1/thumb/v6-m\libgcc.a(_udivsi3.o)
 .ARM.attributes
                0x000001a8       0x1e c:/program files (x86)/gnu tools arm embedded/7 2018-q2-update/bin/../lib/gcc/arm-none-eabi/7.3.1/thumb/v6-m\libgcc.a(_dvmd_tls.o)

.debug_frame    0x00000000      0x578
 .debug_frame   0x00000000       0x64 today.o
 .debug_frame   0x00000064       0xf0 phos.a(serial.o)
 .debug_frame   0x00000154      0x228 phos.a(phos.o)
 .debug_frame   0x0000037c       0xfc phos.a(lib.o)
 .debug_frame   0x00000478       0x94 phos.a(startup.o)
 .debug_frame   0x0000050c       0x20 c:/program files (x86)/gnu tools arm embedded/7 2018-q2-update/bin/../lib/gcc/arm-none-eabi/7.3.1/../../../../arm-none-eabi/lib/thumb/v6-m\libc_nano.a(lib_a-memset.o)
 .debug_frame   0x0000052c       0x2c c:/program files (x86)/gnu tools arm embedded/7 2018-q2-update/bin/../lib/gcc/arm-none-eabi/7.3.1/../../../../arm-none-eabi/lib/thumb/v6-m\libc_nano.a(lib_a-strncpy.o)
 .debug_frame   0x00000558       0x20 c:/program files (x86)/gnu tools arm embedded/7 2018-q2-update/bin/../lib/gcc/arm-none-eabi/7.3.1/thumb/v6-m\libgcc.a(_udivsi3.o)

.debug_ranges   0x00000000       0xd0
 .debug_ranges  0x00000000       0x80 phos.a(phos.o)
 .debug_ranges  0x00000080       0x50 phos.a(lib.o)
