Archive member included to satisfy reference by file (symbol)

C:\Program Files (x86)\GNU Tools ARM Embedded\7 2018-q2-update\arm-none-eabi\lib\thumb\v6-m\libgcc.a(_udivsi3.o)
                              lib.o (__aeabi_uidiv)
C:\Program Files (x86)\GNU Tools ARM Embedded\7 2018-q2-update\arm-none-eabi\lib\thumb\v6-m\libgcc.a(_dvmd_tls.o)
                              C:\Program Files (x86)\GNU Tools ARM Embedded\7 2018-q2-update\arm-none-eabi\lib\thumb\v6-m\libgcc.a(_udivsi3.o) (__aeabi_idiv0)

Allocating common symbols
Common symbol       size              file

line_buf            0x50              main.o

Memory Configuration

Name             Origin             Length             Attributes
FLASH            0x00000000         0x00040000         xr
RAM              0x20000000         0x00004000         xrw
*default*        0x00000000         0xffffffff

Linker script and memory map

LOAD catalan.o
LOAD main.o
LOAD lib.o
LOAD startup.o
LOAD C:\Program Files (x86)\GNU Tools ARM Embedded\7 2018-q2-update\arm-none-eabi\lib\thumb\v6-m\libgcc.a

.text           0x00000000      0x850
 *(.vectors)
 .vectors       0x00000000       0xc0 startup.o
                0x00000000                __vectors
 *(.text*)
 .text          0x000000c0       0x3c catalan.o
                0x000000c0                foo
 .text          0x000000fc      0x208 main.o
                0x000000fc                serial_putc
                0x00000128                serial_init
                0x000001b4                serial_getc
                0x000001d4                serial_puts
                0x000001ec                serial_printf
                0x0000020c                accept
                0x00000270                getnum
                0x000002a8                init
 .text          0x00000304      0x20c lib.o
                0x00000460                atoi
                0x000004a0                xtou
                0x000004ca                do_print
                0x000004de                sprintf
 .text          0x00000510      0x15c startup.o
                0x00000510                spin
                0x00000510                default_handler
                0x00000558                lpcomp_handler
                0x00000558                systick_handler
                0x00000558                timer0_handler
                0x00000558                swi0_handler
                0x00000558                rtc0_handler
                0x00000558                rtc1_handler
                0x00000558                wdt_handler
                0x00000558                timer2_handler
                0x00000558                timer1_handler
                0x00000558                nmi_handler
                0x00000558                uart_handler
                0x00000558                swi5_handler
                0x00000558                svc_handler
                0x00000558                swi4_handler
                0x00000558                hardfault_handler
                0x00000558                swi1_handler
                0x00000558                qdec_handler
                0x00000558                spi0_twi0_handler
                0x00000558                rng_handler
                0x00000558                temp_handler
                0x00000558                power_clock_handler
                0x00000558                gpiote_handler
                0x00000558                adc_handler
                0x00000558                swi2_handler
                0x00000558                ccm_aar_handler
                0x00000558                pendsv_handler
                0x00000558                ecb_handler
                0x00000558                swi3_handler
                0x00000558                spi1_twi1_handler
                0x00000558                radio_handler
                0x00000560                null
                0x00000560                phos_start
                0x00000560                phos_init
                0x00000562                __reset
                0x000005dc                set_priority
                0x0000063c                enable_irq
                0x0000064c                disable_irq
                0x0000065c                clear_pending
 .text          0x0000066c      0x120 C:\Program Files (x86)\GNU Tools ARM Embedded\7 2018-q2-update\arm-none-eabi\lib\thumb\v6-m\libgcc.a(_udivsi3.o)
                0x0000066c                __aeabi_uidiv
                0x0000066c                __udivsi3
                0x00000778                __aeabi_uidivmod
 .text          0x0000078c        0x4 C:\Program Files (x86)\GNU Tools ARM Embedded\7 2018-q2-update\arm-none-eabi\lib\thumb\v6-m\libgcc.a(_dvmd_tls.o)
                0x0000078c                __aeabi_idiv0
                0x0000078c                __aeabi_ldiv0
 *(.rodata*)
 .rodata.str1.4
                0x00000790       0x4f main.o
                                 0x53 (size before relaxing)
 *fill*         0x000007df        0x1 
 .rodata        0x000007e0       0x58 lib.o
 .rodata.str1.4
                0x00000838       0x18 lib.o
                                 0x17 (size before relaxing)
                0x00000850                . = ALIGN (0x4)
                0x00000850                __etext = .

.glue_7         0x00000850        0x0
 .glue_7        0x00000850        0x0 linker stubs

.glue_7t        0x00000850        0x0
 .glue_7t       0x00000850        0x0 linker stubs

.vfp11_veneer   0x00000850        0x0
 .vfp11_veneer  0x00000850        0x0 linker stubs

.v4_bx          0x00000850        0x0
 .v4_bx         0x00000850        0x0 linker stubs

.iplt           0x00000850        0x0
 .iplt          0x00000850        0x0 catalan.o

.rel.dyn        0x00000850        0x0
 .rel.iplt      0x00000850        0x0 catalan.o

.data           0x20000000        0x0 load address 0x00000850
                0x20000000                __data_start = .
 *(.data*)
 .data          0x20000000        0x0 catalan.o
 .data          0x20000000        0x0 main.o
 .data          0x20000000        0x0 lib.o
 .data          0x20000000        0x0 startup.o
 .data          0x20000000        0x0 C:\Program Files (x86)\GNU Tools ARM Embedded\7 2018-q2-update\arm-none-eabi\lib\thumb\v6-m\libgcc.a(_udivsi3.o)
 .data          0x20000000        0x0 C:\Program Files (x86)\GNU Tools ARM Embedded\7 2018-q2-update\arm-none-eabi\lib\thumb\v6-m\libgcc.a(_dvmd_tls.o)
                0x20000000                . = ALIGN (0x4)
                0x20000000                __data_end = .

.igot.plt       0x20000000        0x0 load address 0x00000850
 .igot.plt      0x20000000        0x0 catalan.o

.bss            0x20000000      0x454 load address 0x00000850
                0x20000000                __bss_start = .
 *(.bss*)
 .bss           0x20000000      0x400 catalan.o
 .bss           0x20000400        0x4 main.o
 .bss           0x20000404        0x0 lib.o
 .bss           0x20000404        0x0 startup.o
 .bss           0x20000404        0x0 C:\Program Files (x86)\GNU Tools ARM Embedded\7 2018-q2-update\arm-none-eabi\lib\thumb\v6-m\libgcc.a(_udivsi3.o)
 .bss           0x20000404        0x0 C:\Program Files (x86)\GNU Tools ARM Embedded\7 2018-q2-update\arm-none-eabi\lib\thumb\v6-m\libgcc.a(_dvmd_tls.o)
 *(COMMON)
 COMMON         0x20000404       0x50 main.o
                0x20000404                line_buf
                0x20000454                . = ALIGN (0x4)
                0x20000454                __bss_end = .
                0x20000454                __end = .
                0x20004000                __stack = (ORIGIN (RAM) + LENGTH (RAM))
                0x20003800                __stack_limit = (__stack - 0x800)
                0x00000001                ASSERT ((__stack_limit >= __end), region RAM overflowed with stack)
OUTPUT(catalan.elf elf32-littlearm)

.ARM.attributes
                0x00000000       0x2d
 .ARM.attributes
                0x00000000       0x21 catalan.o
 .ARM.attributes
                0x00000021       0x31 main.o
 .ARM.attributes
                0x00000052       0x31 lib.o
 .ARM.attributes
                0x00000083       0x31 startup.o
 .ARM.attributes
                0x000000b4       0x1e C:\Program Files (x86)\GNU Tools ARM Embedded\7 2018-q2-update\arm-none-eabi\lib\thumb\v6-m\libgcc.a(_udivsi3.o)
 .ARM.attributes
                0x000000d2       0x1e C:\Program Files (x86)\GNU Tools ARM Embedded\7 2018-q2-update\arm-none-eabi\lib\thumb\v6-m\libgcc.a(_dvmd_tls.o)

.comment        0x00000000       0x7f
 .comment       0x00000000       0x7f main.o
                                 0x80 (size before relaxing)
 .comment       0x0000007f       0x80 lib.o
 .comment       0x0000007f       0x80 startup.o

.debug_info     0x00000000      0xa44
 .debug_info    0x00000000      0x359 main.o
 .debug_info    0x00000359      0x4fd lib.o
 .debug_info    0x00000856      0x1ee startup.o

.debug_abbrev   0x00000000      0x512
 .debug_abbrev  0x00000000      0x19c main.o
 .debug_abbrev  0x0000019c      0x23e lib.o
 .debug_abbrev  0x000003da      0x138 startup.o

.debug_loc      0x00000000      0x6c0
 .debug_loc     0x00000000       0xe8 main.o
 .debug_loc     0x000000e8      0x510 lib.o
 .debug_loc     0x000005f8       0xc8 startup.o

.debug_aranges  0x00000000       0x60
 .debug_aranges
                0x00000000       0x20 main.o
 .debug_aranges
                0x00000020       0x20 lib.o
 .debug_aranges
                0x00000040       0x20 startup.o

.debug_line     0x00000000      0x30c
 .debug_line    0x00000000      0x143 main.o
 .debug_line    0x00000143      0x13c lib.o
 .debug_line    0x0000027f       0x8d startup.o

.debug_str      0x00000000      0x248
 .debug_str     0x00000000      0x145 main.o
                                0x15b (size before relaxing)
 .debug_str     0x00000145       0x53 lib.o
                                0x145 (size before relaxing)
 .debug_str     0x00000198       0xb0 startup.o
                                0x163 (size before relaxing)

.debug_frame    0x00000000      0x280
 .debug_frame   0x00000000       0xc8 main.o
 .debug_frame   0x000000c8       0xec lib.o
 .debug_frame   0x000001b4       0xac startup.o
 .debug_frame   0x00000260       0x20 C:\Program Files (x86)\GNU Tools ARM Embedded\7 2018-q2-update\arm-none-eabi\lib\thumb\v6-m\libgcc.a(_udivsi3.o)

.debug_ranges   0x00000000       0x30
 .debug_ranges  0x00000000       0x30 lib.o
