Archive member included to satisfy reference by file (symbol)

C:\Program Files (x86)\GNU Tools ARM Embedded\7 2018-q2-update\arm-none-eabi\lib\thumb\v6-m\libgcc.a(_udivsi3.o)
                              lib.o (__aeabi_uidiv)
C:\Program Files (x86)\GNU Tools ARM Embedded\7 2018-q2-update\arm-none-eabi\lib\thumb\v6-m\libgcc.a(_dvmd_tls.o)
                              C:\Program Files (x86)\GNU Tools ARM Embedded\7 2018-q2-update\arm-none-eabi\lib\thumb\v6-m\libgcc.a(_udivsi3.o) (__aeabi_idiv0)

Allocating common symbols
Common symbol       size              file

line_buf            0x50              main.o

Memory Configuration

Name             Origin             Length             Attributes
FLASH            0x00000000         0x00040000         xr
RAM              0x20000000         0x00004000         xrw
*default*        0x00000000         0xffffffff

Linker script and memory map

LOAD Question7.o
LOAD main.o
LOAD lib.o
LOAD startup.o
LOAD C:\Program Files (x86)\GNU Tools ARM Embedded\7 2018-q2-update\arm-none-eabi\lib\thumb\v6-m\libgcc.a

.text           0x00000000      0x870
 *(.vectors)
 .vectors       0x00000000       0xc0 startup.o
                0x00000000                __vectors
 *(.text*)
 .text          0x000000c0       0x46 Question7.o
                0x000000c0                foo
 *fill*         0x00000106        0x2 
 .text          0x00000108      0x214 main.o
                0x00000108                serial_putc
                0x00000134                serial_init
                0x000001c0                serial_getc
                0x000001e0                serial_puts
                0x000001f8                serial_printf
                0x00000218                accept
                0x0000027c                getnum
                0x000002b4                init
 .text          0x0000031c      0x20c lib.o
                0x00000478                atoi
                0x000004b8                xtou
                0x000004e2                do_print
                0x000004f6                sprintf
 .text          0x00000528      0x15c startup.o
                0x00000528                spin
                0x00000528                default_handler
                0x00000570                lpcomp_handler
                0x00000570                systick_handler
                0x00000570                timer0_handler
                0x00000570                swi0_handler
                0x00000570                rtc0_handler
                0x00000570                rtc1_handler
                0x00000570                wdt_handler
                0x00000570                timer2_handler
                0x00000570                timer1_handler
                0x00000570                nmi_handler
                0x00000570                uart_handler
                0x00000570                swi5_handler
                0x00000570                svc_handler
                0x00000570                swi4_handler
                0x00000570                hardfault_handler
                0x00000570                swi1_handler
                0x00000570                qdec_handler
                0x00000570                spi0_twi0_handler
                0x00000570                rng_handler
                0x00000570                temp_handler
                0x00000570                power_clock_handler
                0x00000570                gpiote_handler
                0x00000570                adc_handler
                0x00000570                swi2_handler
                0x00000570                ccm_aar_handler
                0x00000570                pendsv_handler
                0x00000570                ecb_handler
                0x00000570                swi3_handler
                0x00000570                spi1_twi1_handler
                0x00000570                radio_handler
                0x00000578                null
                0x00000578                phos_start
                0x00000578                phos_init
                0x0000057a                __reset
                0x000005f4                set_priority
                0x00000654                enable_irq
                0x00000664                disable_irq
                0x00000674                clear_pending
 .text          0x00000684      0x120 C:\Program Files (x86)\GNU Tools ARM Embedded\7 2018-q2-update\arm-none-eabi\lib\thumb\v6-m\libgcc.a(_udivsi3.o)
                0x00000684                __aeabi_uidiv
                0x00000684                __udivsi3
                0x00000790                __aeabi_uidivmod
 .text          0x000007a4        0x4 C:\Program Files (x86)\GNU Tools ARM Embedded\7 2018-q2-update\arm-none-eabi\lib\thumb\v6-m\libgcc.a(_dvmd_tls.o)
                0x000007a4                __aeabi_idiv0
                0x000007a4                __aeabi_ldiv0
 *(.rodata*)
 .rodata.str1.4
                0x000007a8       0x57 main.o
                                 0x5b (size before relaxing)
 *fill*         0x000007ff        0x1 
 .rodata        0x00000800       0x58 lib.o
 .rodata.str1.4
                0x00000858       0x18 lib.o
                                 0x17 (size before relaxing)
                0x00000870                . = ALIGN (0x4)
                0x00000870                __etext = .

.glue_7         0x00000870        0x0
 .glue_7        0x00000870        0x0 linker stubs

.glue_7t        0x00000870        0x0
 .glue_7t       0x00000870        0x0 linker stubs

.vfp11_veneer   0x00000870        0x0
 .vfp11_veneer  0x00000870        0x0 linker stubs

.v4_bx          0x00000870        0x0
 .v4_bx         0x00000870        0x0 linker stubs

.iplt           0x00000870        0x0
 .iplt          0x00000870        0x0 main.o

.rel.dyn        0x00000870        0x0
 .rel.iplt      0x00000870        0x0 main.o

.data           0x20000000        0x0 load address 0x00000870
                0x20000000                __data_start = .
 *(.data*)
 .data          0x20000000        0x0 Question7.o
 .data          0x20000000        0x0 main.o
 .data          0x20000000        0x0 lib.o
 .data          0x20000000        0x0 startup.o
 .data          0x20000000        0x0 C:\Program Files (x86)\GNU Tools ARM Embedded\7 2018-q2-update\arm-none-eabi\lib\thumb\v6-m\libgcc.a(_udivsi3.o)
 .data          0x20000000        0x0 C:\Program Files (x86)\GNU Tools ARM Embedded\7 2018-q2-update\arm-none-eabi\lib\thumb\v6-m\libgcc.a(_dvmd_tls.o)
                0x20000000                . = ALIGN (0x4)
                0x20000000                __data_end = .

.igot.plt       0x20000000        0x0 load address 0x00000870
 .igot.plt      0x20000000        0x0 main.o

.bss            0x20000000       0x54 load address 0x00000870
                0x20000000                __bss_start = .
 *(.bss*)
 .bss           0x20000000        0x0 Question7.o
 .bss           0x20000000        0x4 main.o
 .bss           0x20000004        0x0 lib.o
 .bss           0x20000004        0x0 startup.o
 .bss           0x20000004        0x0 C:\Program Files (x86)\GNU Tools ARM Embedded\7 2018-q2-update\arm-none-eabi\lib\thumb\v6-m\libgcc.a(_udivsi3.o)
 .bss           0x20000004        0x0 C:\Program Files (x86)\GNU Tools ARM Embedded\7 2018-q2-update\arm-none-eabi\lib\thumb\v6-m\libgcc.a(_dvmd_tls.o)
 *(COMMON)
 COMMON         0x20000004       0x50 main.o
                0x20000004                line_buf
                0x20000054                . = ALIGN (0x4)
                0x20000054                __bss_end = .
                0x20000054                __end = .
                0x20004000                __stack = (ORIGIN (RAM) + LENGTH (RAM))
                0x20003800                __stack_limit = (__stack - 0x800)
                0x00000001                ASSERT ((__stack_limit >= __end), region RAM overflowed with stack)
OUTPUT(Question7.elf elf32-littlearm)

.ARM.attributes
                0x00000000       0x2d
 .ARM.attributes
                0x00000000       0x21 Question7.o
 .ARM.attributes
                0x00000021       0x31 main.o
 .ARM.attributes
                0x00000052       0x31 lib.o
 .ARM.attributes
                0x00000083       0x31 startup.o
 .ARM.attributes
                0x000000b4       0x1e C:\Program Files (x86)\GNU Tools ARM Embedded\7 2018-q2-update\arm-none-eabi\lib\thumb\v6-m\libgcc.a(_udivsi3.o)
 .ARM.attributes
                0x000000d2       0x1e C:\Program Files (x86)\GNU Tools ARM Embedded\7 2018-q2-update\arm-none-eabi\lib\thumb\v6-m\libgcc.a(_dvmd_tls.o)

.comment        0x00000000       0x7f
 .comment       0x00000000       0x7f main.o
                                 0x80 (size before relaxing)
 .comment       0x0000007f       0x80 lib.o
 .comment       0x0000007f       0x80 startup.o

.debug_info     0x00000000      0xa66
 .debug_info    0x00000000      0x37b main.o
 .debug_info    0x0000037b      0x4fd lib.o
 .debug_info    0x00000878      0x1ee startup.o

.debug_abbrev   0x00000000      0x505
 .debug_abbrev  0x00000000      0x18f main.o
 .debug_abbrev  0x0000018f      0x23e lib.o
 .debug_abbrev  0x000003cd      0x138 startup.o

.debug_loc      0x00000000      0x6e9
 .debug_loc     0x00000000      0x111 main.o
 .debug_loc     0x00000111      0x510 lib.o
 .debug_loc     0x00000621       0xc8 startup.o

.debug_aranges  0x00000000       0x60
 .debug_aranges
                0x00000000       0x20 main.o
 .debug_aranges
                0x00000020       0x20 lib.o
 .debug_aranges
                0x00000040       0x20 startup.o

.debug_line     0x00000000      0x310
 .debug_line    0x00000000      0x147 main.o
 .debug_line    0x00000147      0x13c lib.o
 .debug_line    0x00000283       0x8d startup.o

.debug_str      0x00000000      0x248
 .debug_str     0x00000000      0x145 main.o
                                0x15b (size before relaxing)
 .debug_str     0x00000145       0x53 lib.o
                                0x145 (size before relaxing)
 .debug_str     0x00000198       0xb0 startup.o
                                0x163 (size before relaxing)

.debug_frame    0x00000000      0x280
 .debug_frame   0x00000000       0xc8 main.o
 .debug_frame   0x000000c8       0xec lib.o
 .debug_frame   0x000001b4       0xac startup.o
 .debug_frame   0x00000260       0x20 C:\Program Files (x86)\GNU Tools ARM Embedded\7 2018-q2-update\arm-none-eabi\lib\thumb\v6-m\libgcc.a(_udivsi3.o)

.debug_ranges   0x00000000       0x30
 .debug_ranges  0x00000000       0x30 lib.o
