Archive member included to satisfy reference by file (symbol)

phos.a(serial.o)              echo.o (serial_printf)
phos.a(phos.o)                phos.a(serial.o) (send)
phos.a(mpx-m0.o)              phos.a(phos.o) (setstack)
phos.a(lib.o)                 phos.a(serial.o) (do_print)
phos.a(startup.o)             phos.a(phos.o) (spin)
c:/program files (x86)/gnu tools arm embedded/7 2018-q2-update/bin/../lib/gcc/arm-none-eabi/7.3.1/../../../../arm-none-eabi/lib/thumb/v6-m\libc_nano.a(lib_a-memset.o)
                              phos.a(phos.o) (memset)
c:/program files (x86)/gnu tools arm embedded/7 2018-q2-update/bin/../lib/gcc/arm-none-eabi/7.3.1/../../../../arm-none-eabi/lib/thumb/v6-m\libc_nano.a(lib_a-strlen.o)
                              echo.o (strlen)
c:/program files (x86)/gnu tools arm embedded/7 2018-q2-update/bin/../lib/gcc/arm-none-eabi/7.3.1/../../../../arm-none-eabi/lib/thumb/v6-m\libc_nano.a(lib_a-strncpy.o)
                              phos.a(phos.o) (strncpy)
c:/program files (x86)/gnu tools arm embedded/7 2018-q2-update/bin/../lib/gcc/arm-none-eabi/7.3.1/thumb/v6-m\libgcc.a(_udivsi3.o)
                              phos.a(lib.o) (__aeabi_uidiv)
c:/program files (x86)/gnu tools arm embedded/7 2018-q2-update/bin/../lib/gcc/arm-none-eabi/7.3.1/thumb/v6-m\libgcc.a(_dvmd_tls.o)
                              c:/program files (x86)/gnu tools arm embedded/7 2018-q2-update/bin/../lib/gcc/arm-none-eabi/7.3.1/thumb/v6-m\libgcc.a(_udivsi3.o) (__aeabi_idiv0)

Memory Configuration

Name             Origin             Length             Attributes
FLASH            0x00000000         0x00040000         xr
RAM              0x20000000         0x00004000         xrw
*default*        0x00000000         0xffffffff

Linker script and memory map

LOAD echo.o
LOAD phos.a
LOAD c:/program files (x86)/gnu tools arm embedded/7 2018-q2-update/bin/../lib/gcc/arm-none-eabi/7.3.1/../../../../arm-none-eabi/lib/thumb/v6-m\libc_nano.a
LOAD c:/program files (x86)/gnu tools arm embedded/7 2018-q2-update/bin/../lib/gcc/arm-none-eabi/7.3.1/thumb/v6-m\libgcc.a

.text           0x00000000     0x1398
 *(.vectors)
 .vectors       0x00000000       0xc0 phos.a(startup.o)
                0x00000000                __vectors
 *(.text*)
 .text          0x000000c0       0x6c echo.o
                0x000000c0                read_line
                0x000000d8                echo_task
                0x00000104                init
 .text          0x0000012c      0x390 phos.a(serial.o)
                0x00000154                serial_putc
                0x00000460                serial_printf
                0x00000480                serial_getc
                0x0000049a                serial_init
 .text          0x000004bc      0x7a0 phos.a(phos.o)
                0x00000538                exit
                0x00000628                interrupt
                0x0000068c                yield
                0x00000690                phos_start
                0x000006ac                send
                0x000006b0                receive
                0x000006b4                sendrec
                0x000006b8                connect
                0x000006bc                setprio
                0x000006c0                dump
                0x000006c4                kprintf
                0x000006f4                panic
                0x00000738                intr_handler
                0x000007a0                hardfault_handler
                0x000007ec                phos_init
                0x00000860                start
                0x00000948                system_call
 .text          0x00000c5c       0x80 phos.a(mpx-m0.o)
                0x00000c5c                setstack
                0x00000c96                svc_handler
                0x00000ca6                phos_interrupt
                0x00000cbc                lock
                0x00000cc8                unlock
                0x00000ccc                restore
 .text          0x00000cdc      0x230 phos.a(lib.o)
                0x00000d2c                f_printc
                0x00000d36                f_storec
                0x00000d40                atoi
                0x00000d80                xtou
                0x00000dba                _do_print
                0x00000ec4                do_print
                0x00000ed8                sprintf
 .text          0x00000f0c      0x154 phos.a(startup.o)
                0x00000f0c                default_handler
                0x00000f0c                spin
                0x00000f54                null
                0x00000f56                __reset
                0x00000fd0                set_priority
                0x00001030                enable_irq
                0x00001040                disable_irq
                0x00001050                clear_pending
 .text          0x00001060        0x0 c:/program files (x86)/gnu tools arm embedded/7 2018-q2-update/bin/../lib/gcc/arm-none-eabi/7.3.1/../../../../arm-none-eabi/lib/thumb/v6-m\libc_nano.a(lib_a-memset.o)
 .text.memset   0x00001060       0x10 c:/program files (x86)/gnu tools arm embedded/7 2018-q2-update/bin/../lib/gcc/arm-none-eabi/7.3.1/../../../../arm-none-eabi/lib/thumb/v6-m\libc_nano.a(lib_a-memset.o)
                0x00001060                memset
 .text          0x00001070        0xe c:/program files (x86)/gnu tools arm embedded/7 2018-q2-update/bin/../lib/gcc/arm-none-eabi/7.3.1/../../../../arm-none-eabi/lib/thumb/v6-m\libc_nano.a(lib_a-strlen.o)
                0x00001070                strlen
 .text          0x0000107e        0x0 c:/program files (x86)/gnu tools arm embedded/7 2018-q2-update/bin/../lib/gcc/arm-none-eabi/7.3.1/../../../../arm-none-eabi/lib/thumb/v6-m\libc_nano.a(lib_a-strncpy.o)
 .text.strncpy  0x0000107e       0x28 c:/program files (x86)/gnu tools arm embedded/7 2018-q2-update/bin/../lib/gcc/arm-none-eabi/7.3.1/../../../../arm-none-eabi/lib/thumb/v6-m\libc_nano.a(lib_a-strncpy.o)
                0x0000107e                strncpy
 *fill*         0x000010a6        0x2 
 .text          0x000010a8      0x114 c:/program files (x86)/gnu tools arm embedded/7 2018-q2-update/bin/../lib/gcc/arm-none-eabi/7.3.1/thumb/v6-m\libgcc.a(_udivsi3.o)
                0x000010a8                __aeabi_uidiv
                0x000010a8                __udivsi3
                0x000011b4                __aeabi_uidivmod
 .text          0x000011bc        0x4 c:/program files (x86)/gnu tools arm embedded/7 2018-q2-update/bin/../lib/gcc/arm-none-eabi/7.3.1/thumb/v6-m\libgcc.a(_dvmd_tls.o)
                0x000011bc                __aeabi_idiv0
                0x000011bc                __aeabi_ldiv0
 *(.rodata*)
 .rodata.str1.4
                0x000011c0       0x1d echo.o
 *fill*         0x000011dd        0x3 
 .rodata.str1.4
                0x000011e0       0x53 phos.a(serial.o)
 *fill*         0x00001233        0x1 
 .rodata        0x00001234       0x20 phos.a(phos.o)
 .rodata.str1.4
                0x00001254       0xd7 phos.a(phos.o)
                                 0xdf (size before relaxing)
 *fill*         0x0000132b        0x1 
 .rodata        0x0000132c       0x58 phos.a(lib.o)
 .rodata.str1.4
                0x00001384       0x14 phos.a(lib.o)
                                 0x11 (size before relaxing)
                0x00001398                . = ALIGN (0x4)
                0x00001398                __etext = .

.glue_7         0x00001398        0x0
 .glue_7        0x00001398        0x0 linker stubs

.glue_7t        0x00001398        0x0
 .glue_7t       0x00001398        0x0 linker stubs

.vfp11_veneer   0x00001398        0x0
 .vfp11_veneer  0x00001398        0x0 linker stubs

.v4_bx          0x00001398        0x0
 .v4_bx         0x00001398        0x0 linker stubs

.iplt           0x00001398        0x0
 .iplt          0x00001398        0x0 echo.o

.rel.dyn        0x00001398        0x0
 .rel.iplt      0x00001398        0x0 echo.o

.data           0x20000000        0xc load address 0x00001398
                0x20000000                __data_start = .
 *(.data*)
 .data          0x20000000        0x0 echo.o
 .data          0x20000000        0x8 phos.a(serial.o)
 .data          0x20000008        0x4 phos.a(phos.o)
 .data          0x2000000c        0x0 phos.a(mpx-m0.o)
 .data          0x2000000c        0x0 phos.a(lib.o)
 .data          0x2000000c        0x0 phos.a(startup.o)
 .data          0x2000000c        0x0 c:/program files (x86)/gnu tools arm embedded/7 2018-q2-update/bin/../lib/gcc/arm-none-eabi/7.3.1/../../../../arm-none-eabi/lib/thumb/v6-m\libc_nano.a(lib_a-memset.o)
 .data          0x2000000c        0x0 c:/program files (x86)/gnu tools arm embedded/7 2018-q2-update/bin/../lib/gcc/arm-none-eabi/7.3.1/../../../../arm-none-eabi/lib/thumb/v6-m\libc_nano.a(lib_a-strlen.o)
 .data          0x2000000c        0x0 c:/program files (x86)/gnu tools arm embedded/7 2018-q2-update/bin/../lib/gcc/arm-none-eabi/7.3.1/../../../../arm-none-eabi/lib/thumb/v6-m\libc_nano.a(lib_a-strncpy.o)
 .data          0x2000000c        0x0 c:/program files (x86)/gnu tools arm embedded/7 2018-q2-update/bin/../lib/gcc/arm-none-eabi/7.3.1/thumb/v6-m\libgcc.a(_udivsi3.o)
 .data          0x2000000c        0x0 c:/program files (x86)/gnu tools arm embedded/7 2018-q2-update/bin/../lib/gcc/arm-none-eabi/7.3.1/thumb/v6-m\libgcc.a(_dvmd_tls.o)
                0x2000000c                . = ALIGN (0x4)
                0x2000000c                __data_end = .

.igot.plt       0x2000000c        0x0 load address 0x000013a4
 .igot.plt      0x2000000c        0x0 echo.o

.bss            0x2000000c      0x584 load address 0x000013a4
                0x2000000c                __bss_start = .
 *(.bss*)
 .bss           0x2000000c        0x0 echo.o
 .bss           0x2000000c      0x11c phos.a(serial.o)
 .bss           0x20000128      0x464 phos.a(phos.o)
 .bss           0x2000058c        0x4 phos.a(mpx-m0.o)
 .bss           0x20000590        0x0 phos.a(lib.o)
 .bss           0x20000590        0x0 phos.a(startup.o)
 .bss           0x20000590        0x0 c:/program files (x86)/gnu tools arm embedded/7 2018-q2-update/bin/../lib/gcc/arm-none-eabi/7.3.1/../../../../arm-none-eabi/lib/thumb/v6-m\libc_nano.a(lib_a-memset.o)
 .bss           0x20000590        0x0 c:/program files (x86)/gnu tools arm embedded/7 2018-q2-update/bin/../lib/gcc/arm-none-eabi/7.3.1/../../../../arm-none-eabi/lib/thumb/v6-m\libc_nano.a(lib_a-strlen.o)
 .bss           0x20000590        0x0 c:/program files (x86)/gnu tools arm embedded/7 2018-q2-update/bin/../lib/gcc/arm-none-eabi/7.3.1/../../../../arm-none-eabi/lib/thumb/v6-m\libc_nano.a(lib_a-strncpy.o)
 .bss           0x20000590        0x0 c:/program files (x86)/gnu tools arm embedded/7 2018-q2-update/bin/../lib/gcc/arm-none-eabi/7.3.1/thumb/v6-m\libgcc.a(_udivsi3.o)
 .bss           0x20000590        0x0 c:/program files (x86)/gnu tools arm embedded/7 2018-q2-update/bin/../lib/gcc/arm-none-eabi/7.3.1/thumb/v6-m\libgcc.a(_dvmd_tls.o)
 *(COMMON)
                0x20000590                . = ALIGN (0x4)
                0x20000590                __bss_end = .
                0x20000590                __end = .
                0x20004000                __stack = (ORIGIN (RAM) + LENGTH (RAM))
                0x20003800                __stack_limit = (__stack - 0x800)
                0x00000001                ASSERT ((__stack_limit >= __end), region RAM overlaps with stack)
OUTPUT(echo.elf elf32-littlearm)

.debug_info     0x00000000     0x2f71
 .debug_info    0x00000000      0xa01 echo.o
 .debug_info    0x00000a01      0x5e4 phos.a(serial.o)
 .debug_info    0x00000fe5     0x1865 phos.a(phos.o)
 .debug_info    0x0000284a      0x564 phos.a(lib.o)
 .debug_info    0x00002dae      0x1c3 phos.a(startup.o)

.debug_abbrev   0x00000000      0xb9a
 .debug_abbrev  0x00000000      0x21d echo.o
 .debug_abbrev  0x0000021d      0x1d9 phos.a(serial.o)
 .debug_abbrev  0x000003f6      0x469 phos.a(phos.o)
 .debug_abbrev  0x0000085f      0x228 phos.a(lib.o)
 .debug_abbrev  0x00000a87      0x113 phos.a(startup.o)

.debug_loc      0x00000000     0x1491
 .debug_loc     0x00000000       0x6d echo.o
 .debug_loc     0x0000006d      0x12a phos.a(serial.o)
 .debug_loc     0x00000197      0xc7f phos.a(phos.o)
 .debug_loc     0x00000e16      0x5b3 phos.a(lib.o)
 .debug_loc     0x000013c9       0xc8 phos.a(startup.o)

.debug_aranges  0x00000000       0xa0
 .debug_aranges
                0x00000000       0x20 echo.o
 .debug_aranges
                0x00000020       0x20 phos.a(serial.o)
 .debug_aranges
                0x00000040       0x20 phos.a(phos.o)
 .debug_aranges
                0x00000060       0x20 phos.a(lib.o)
 .debug_aranges
                0x00000080       0x20 phos.a(startup.o)

.debug_line     0x00000000      0x84d
 .debug_line    0x00000000      0x19f echo.o
 .debug_line    0x0000019f      0x181 phos.a(serial.o)
 .debug_line    0x00000320      0x361 phos.a(phos.o)
 .debug_line    0x00000681      0x144 phos.a(lib.o)
 .debug_line    0x000007c5       0x88 phos.a(startup.o)

.debug_str      0x00000000      0x8f8
 .debug_str     0x00000000      0x51b echo.o
                                0x583 (size before relaxing)
 .debug_str     0x0000051b      0x109 phos.a(serial.o)
                                0x267 (size before relaxing)
 .debug_str     0x00000624      0x21c phos.a(phos.o)
                                0x841 (size before relaxing)
 .debug_str     0x00000840       0x4c phos.a(lib.o)
                                0x15e (size before relaxing)
 .debug_str     0x0000088c       0x6c phos.a(startup.o)
                                0x167 (size before relaxing)

.comment        0x00000000       0x7f
 .comment       0x00000000       0x7f echo.o
                                 0x80 (size before relaxing)
 .comment       0x0000007f       0x80 phos.a(serial.o)
 .comment       0x0000007f       0x80 phos.a(phos.o)
 .comment       0x0000007f       0x80 phos.a(lib.o)
 .comment       0x0000007f       0x80 phos.a(startup.o)

.ARM.attributes
                0x00000000       0x2f
 .ARM.attributes
                0x00000000       0x31 echo.o
 .ARM.attributes
                0x00000031       0x31 phos.a(serial.o)
 .ARM.attributes
                0x00000062       0x31 phos.a(phos.o)
 .ARM.attributes
                0x00000093       0x21 phos.a(mpx-m0.o)
 .ARM.attributes
                0x000000b4       0x31 phos.a(lib.o)
 .ARM.attributes
                0x000000e5       0x31 phos.a(startup.o)
 .ARM.attributes
                0x00000116       0x2c c:/program files (x86)/gnu tools arm embedded/7 2018-q2-update/bin/../lib/gcc/arm-none-eabi/7.3.1/../../../../arm-none-eabi/lib/thumb/v6-m\libc_nano.a(lib_a-memset.o)
 .ARM.attributes
                0x00000142       0x1c c:/program files (x86)/gnu tools arm embedded/7 2018-q2-update/bin/../lib/gcc/arm-none-eabi/7.3.1/../../../../arm-none-eabi/lib/thumb/v6-m\libc_nano.a(lib_a-strlen.o)
 .ARM.attributes
                0x0000015e       0x2c c:/program files (x86)/gnu tools arm embedded/7 2018-q2-update/bin/../lib/gcc/arm-none-eabi/7.3.1/../../../../arm-none-eabi/lib/thumb/v6-m\libc_nano.a(lib_a-strncpy.o)
 .ARM.attributes
                0x0000018a       0x1e c:/program files (x86)/gnu tools arm embedded/7 2018-q2-update/bin/../lib/gcc/arm-none-eabi/7.3.1/thumb/v6-m\libgcc.a(_udivsi3.o)
 .ARM.attributes
                0x000001a8       0x1e c:/program files (x86)/gnu tools arm embedded/7 2018-q2-update/bin/../lib/gcc/arm-none-eabi/7.3.1/thumb/v6-m\libgcc.a(_dvmd_tls.o)

.debug_frame    0x00000000      0x574
 .debug_frame   0x00000000       0x60 echo.o
 .debug_frame   0x00000060       0xf0 phos.a(serial.o)
 .debug_frame   0x00000150      0x228 phos.a(phos.o)
 .debug_frame   0x00000378       0xfc phos.a(lib.o)
 .debug_frame   0x00000474       0x94 phos.a(startup.o)
 .debug_frame   0x00000508       0x20 c:/program files (x86)/gnu tools arm embedded/7 2018-q2-update/bin/../lib/gcc/arm-none-eabi/7.3.1/../../../../arm-none-eabi/lib/thumb/v6-m\libc_nano.a(lib_a-memset.o)
 .debug_frame   0x00000528       0x2c c:/program files (x86)/gnu tools arm embedded/7 2018-q2-update/bin/../lib/gcc/arm-none-eabi/7.3.1/../../../../arm-none-eabi/lib/thumb/v6-m\libc_nano.a(lib_a-strncpy.o)
 .debug_frame   0x00000554       0x20 c:/program files (x86)/gnu tools arm embedded/7 2018-q2-update/bin/../lib/gcc/arm-none-eabi/7.3.1/thumb/v6-m\libgcc.a(_udivsi3.o)

.debug_ranges   0x00000000       0xd0
 .debug_ranges  0x00000000       0x80 phos.a(phos.o)
 .debug_ranges  0x00000080       0x50 phos.a(lib.o)
