Archive member included to satisfy reference by file (symbol)

phos.a(serial.o)              proc.o (serial_printf)
phos.a(phos.o)                phos.a(serial.o) (send)
phos.a(mpx-m0.o)              phos.a(phos.o) (setstack)
phos.a(lib.o)                 phos.a(serial.o) (do_print)
phos.a(startup.o)             phos.a(phos.o) (spin)
c:/program files (x86)/gnu tools arm embedded/7 2018-q2-update/bin/../lib/gcc/arm-none-eabi/7.3.1/../../../../arm-none-eabi/lib/thumb/v6-m\libc_nano.a(lib_a-memset.o)
                              phos.a(phos.o) (memset)
c:/program files (x86)/gnu tools arm embedded/7 2018-q2-update/bin/../lib/gcc/arm-none-eabi/7.3.1/../../../../arm-none-eabi/lib/thumb/v6-m\libc_nano.a(lib_a-strlen.o)
                              phos.a(phos.o) (strlen)
c:/program files (x86)/gnu tools arm embedded/7 2018-q2-update/bin/../lib/gcc/arm-none-eabi/7.3.1/../../../../arm-none-eabi/lib/thumb/v6-m\libc_nano.a(lib_a-strncpy.o)
                              phos.a(phos.o) (strncpy)
c:/program files (x86)/gnu tools arm embedded/7 2018-q2-update/bin/../lib/gcc/arm-none-eabi/7.3.1/thumb/v6-m\libgcc.a(_udivsi3.o)
                              phos.a(lib.o) (__aeabi_uidiv)
c:/program files (x86)/gnu tools arm embedded/7 2018-q2-update/bin/../lib/gcc/arm-none-eabi/7.3.1/thumb/v6-m\libgcc.a(_dvmd_tls.o)
                              c:/program files (x86)/gnu tools arm embedded/7 2018-q2-update/bin/../lib/gcc/arm-none-eabi/7.3.1/thumb/v6-m\libgcc.a(_udivsi3.o) (__aeabi_idiv0)

Memory Configuration

Name             Origin             Length             Attributes
FLASH            0x00000000         0x00040000         xr
RAM              0x20000000         0x00004000         xrw
*default*        0x00000000         0xffffffff

Linker script and memory map

LOAD proc.o
LOAD phos.a
LOAD c:/program files (x86)/gnu tools arm embedded/7 2018-q2-update/bin/../lib/gcc/arm-none-eabi/7.3.1/../../../../arm-none-eabi/lib/thumb/v6-m\libc_nano.a
LOAD c:/program files (x86)/gnu tools arm embedded/7 2018-q2-update/bin/../lib/gcc/arm-none-eabi/7.3.1/thumb/v6-m\libgcc.a

.text           0x00000000     0x13a4
 *(.vectors)
 .vectors       0x00000000       0xc0 phos.a(startup.o)
                0x00000000                __vectors
 *(.text*)
 .text          0x000000c0       0x80 proc.o
                0x000000c0                proc2
                0x000000e4                proc1
                0x00000104                init
 .text          0x00000140      0x390 phos.a(serial.o)
                0x00000168                serial_putc
                0x00000474                serial_printf
                0x00000494                serial_getc
                0x000004ae                serial_init
 .text          0x000004d0      0x7a0 phos.a(phos.o)
                0x0000054c                exit
                0x0000063c                interrupt
                0x000006a0                yield
                0x000006a4                phos_start
                0x000006c0                send
                0x000006c4                receive
                0x000006c8                sendrec
                0x000006cc                connect
                0x000006d0                setprio
                0x000006d4                dump
                0x000006d8                kprintf
                0x00000708                panic
                0x0000074c                intr_handler
                0x000007b4                hardfault_handler
                0x00000800                phos_init
                0x00000874                start
                0x0000095c                system_call
 .text          0x00000c70       0x80 phos.a(mpx-m0.o)
                0x00000c70                setstack
                0x00000caa                svc_handler
                0x00000cba                phos_interrupt
                0x00000cd0                lock
                0x00000cdc                unlock
                0x00000ce0                restore
 .text          0x00000cf0      0x230 phos.a(lib.o)
                0x00000d40                f_printc
                0x00000d4a                f_storec
                0x00000d54                atoi
                0x00000d94                xtou
                0x00000dce                _do_print
                0x00000ed8                do_print
                0x00000eec                sprintf
 .text          0x00000f20      0x154 phos.a(startup.o)
                0x00000f20                default_handler
                0x00000f20                spin
                0x00000f68                null
                0x00000f6a                __reset
                0x00000fe4                set_priority
                0x00001044                enable_irq
                0x00001054                disable_irq
                0x00001064                clear_pending
 .text          0x00001074        0x0 c:/program files (x86)/gnu tools arm embedded/7 2018-q2-update/bin/../lib/gcc/arm-none-eabi/7.3.1/../../../../arm-none-eabi/lib/thumb/v6-m\libc_nano.a(lib_a-memset.o)
 .text.memset   0x00001074       0x10 c:/program files (x86)/gnu tools arm embedded/7 2018-q2-update/bin/../lib/gcc/arm-none-eabi/7.3.1/../../../../arm-none-eabi/lib/thumb/v6-m\libc_nano.a(lib_a-memset.o)
                0x00001074                memset
 .text          0x00001084        0xe c:/program files (x86)/gnu tools arm embedded/7 2018-q2-update/bin/../lib/gcc/arm-none-eabi/7.3.1/../../../../arm-none-eabi/lib/thumb/v6-m\libc_nano.a(lib_a-strlen.o)
                0x00001084                strlen
 .text          0x00001092        0x0 c:/program files (x86)/gnu tools arm embedded/7 2018-q2-update/bin/../lib/gcc/arm-none-eabi/7.3.1/../../../../arm-none-eabi/lib/thumb/v6-m\libc_nano.a(lib_a-strncpy.o)
 .text.strncpy  0x00001092       0x28 c:/program files (x86)/gnu tools arm embedded/7 2018-q2-update/bin/../lib/gcc/arm-none-eabi/7.3.1/../../../../arm-none-eabi/lib/thumb/v6-m\libc_nano.a(lib_a-strncpy.o)
                0x00001092                strncpy
 *fill*         0x000010ba        0x2 
 .text          0x000010bc      0x114 c:/program files (x86)/gnu tools arm embedded/7 2018-q2-update/bin/../lib/gcc/arm-none-eabi/7.3.1/thumb/v6-m\libgcc.a(_udivsi3.o)
                0x000010bc                __aeabi_uidiv
                0x000010bc                __udivsi3
                0x000011c8                __aeabi_uidivmod
 .text          0x000011d0        0x4 c:/program files (x86)/gnu tools arm embedded/7 2018-q2-update/bin/../lib/gcc/arm-none-eabi/7.3.1/thumb/v6-m\libgcc.a(_dvmd_tls.o)
                0x000011d0                __aeabi_idiv0
                0x000011d0                __aeabi_ldiv0
 *(.rodata*)
 .rodata.str1.4
                0x000011d4       0x16 proc.o
 *fill*         0x000011ea        0x2 
 .rodata.str1.4
                0x000011ec       0x53 phos.a(serial.o)
 *fill*         0x0000123f        0x1 
 .rodata        0x00001240       0x20 phos.a(phos.o)
 .rodata.str1.4
                0x00001260       0xd7 phos.a(phos.o)
                                 0xdf (size before relaxing)
 *fill*         0x00001337        0x1 
 .rodata        0x00001338       0x58 phos.a(lib.o)
 .rodata.str1.4
                0x00001390       0x14 phos.a(lib.o)
                                 0x11 (size before relaxing)
                0x000013a4                . = ALIGN (0x4)
                0x000013a4                __etext = .

.glue_7         0x000013a4        0x0
 .glue_7        0x000013a4        0x0 linker stubs

.glue_7t        0x000013a4        0x0
 .glue_7t       0x000013a4        0x0 linker stubs

.vfp11_veneer   0x000013a4        0x0
 .vfp11_veneer  0x000013a4        0x0 linker stubs

.v4_bx          0x000013a4        0x0
 .v4_bx         0x000013a4        0x0 linker stubs

.iplt           0x000013a4        0x0
 .iplt          0x000013a4        0x0 proc.o

.rel.dyn        0x000013a4        0x0
 .rel.iplt      0x000013a4        0x0 proc.o

.data           0x20000000        0xc load address 0x000013a4
                0x20000000                __data_start = .
 *(.data*)
 .data          0x20000000        0x0 proc.o
 .data          0x20000000        0x8 phos.a(serial.o)
 .data          0x20000008        0x4 phos.a(phos.o)
 .data          0x2000000c        0x0 phos.a(mpx-m0.o)
 .data          0x2000000c        0x0 phos.a(lib.o)
 .data          0x2000000c        0x0 phos.a(startup.o)
 .data          0x2000000c        0x0 c:/program files (x86)/gnu tools arm embedded/7 2018-q2-update/bin/../lib/gcc/arm-none-eabi/7.3.1/../../../../arm-none-eabi/lib/thumb/v6-m\libc_nano.a(lib_a-memset.o)
 .data          0x2000000c        0x0 c:/program files (x86)/gnu tools arm embedded/7 2018-q2-update/bin/../lib/gcc/arm-none-eabi/7.3.1/../../../../arm-none-eabi/lib/thumb/v6-m\libc_nano.a(lib_a-strlen.o)
 .data          0x2000000c        0x0 c:/program files (x86)/gnu tools arm embedded/7 2018-q2-update/bin/../lib/gcc/arm-none-eabi/7.3.1/../../../../arm-none-eabi/lib/thumb/v6-m\libc_nano.a(lib_a-strncpy.o)
 .data          0x2000000c        0x0 c:/program files (x86)/gnu tools arm embedded/7 2018-q2-update/bin/../lib/gcc/arm-none-eabi/7.3.1/thumb/v6-m\libgcc.a(_udivsi3.o)
 .data          0x2000000c        0x0 c:/program files (x86)/gnu tools arm embedded/7 2018-q2-update/bin/../lib/gcc/arm-none-eabi/7.3.1/thumb/v6-m\libgcc.a(_dvmd_tls.o)
                0x2000000c                . = ALIGN (0x4)
                0x2000000c                __data_end = .

.igot.plt       0x2000000c        0x0 load address 0x000013b0
 .igot.plt      0x2000000c        0x0 proc.o

.bss            0x2000000c      0x588 load address 0x000013b0
                0x2000000c                __bss_start = .
 *(.bss*)
 .bss           0x2000000c        0x4 proc.o
 .bss           0x20000010      0x11c phos.a(serial.o)
 .bss           0x2000012c      0x464 phos.a(phos.o)
 .bss           0x20000590        0x4 phos.a(mpx-m0.o)
 .bss           0x20000594        0x0 phos.a(lib.o)
 .bss           0x20000594        0x0 phos.a(startup.o)
 .bss           0x20000594        0x0 c:/program files (x86)/gnu tools arm embedded/7 2018-q2-update/bin/../lib/gcc/arm-none-eabi/7.3.1/../../../../arm-none-eabi/lib/thumb/v6-m\libc_nano.a(lib_a-memset.o)
 .bss           0x20000594        0x0 c:/program files (x86)/gnu tools arm embedded/7 2018-q2-update/bin/../lib/gcc/arm-none-eabi/7.3.1/../../../../arm-none-eabi/lib/thumb/v6-m\libc_nano.a(lib_a-strlen.o)
 .bss           0x20000594        0x0 c:/program files (x86)/gnu tools arm embedded/7 2018-q2-update/bin/../lib/gcc/arm-none-eabi/7.3.1/../../../../arm-none-eabi/lib/thumb/v6-m\libc_nano.a(lib_a-strncpy.o)
 .bss           0x20000594        0x0 c:/program files (x86)/gnu tools arm embedded/7 2018-q2-update/bin/../lib/gcc/arm-none-eabi/7.3.1/thumb/v6-m\libgcc.a(_udivsi3.o)
 .bss           0x20000594        0x0 c:/program files (x86)/gnu tools arm embedded/7 2018-q2-update/bin/../lib/gcc/arm-none-eabi/7.3.1/thumb/v6-m\libgcc.a(_dvmd_tls.o)
 *(COMMON)
                0x20000594                . = ALIGN (0x4)
                0x20000594                __bss_end = .
                0x20000594                __end = .
                0x20004000                __stack = (ORIGIN (RAM) + LENGTH (RAM))
                0x20003800                __stack_limit = (__stack - 0x800)
                0x00000001                ASSERT ((__stack_limit >= __end), region RAM overlaps with stack)
OUTPUT(proc.elf elf32-littlearm)

.debug_info     0x00000000     0x26d6
 .debug_info    0x00000000      0x166 proc.o
 .debug_info    0x00000166      0x5e4 phos.a(serial.o)
 .debug_info    0x0000074a     0x1865 phos.a(phos.o)
 .debug_info    0x00001faf      0x564 phos.a(lib.o)
 .debug_info    0x00002513      0x1c3 phos.a(startup.o)

.debug_abbrev   0x00000000      0xa4d
 .debug_abbrev  0x00000000       0xd0 proc.o
 .debug_abbrev  0x000000d0      0x1d9 phos.a(serial.o)
 .debug_abbrev  0x000002a9      0x469 phos.a(phos.o)
 .debug_abbrev  0x00000712      0x228 phos.a(lib.o)
 .debug_abbrev  0x0000093a      0x113 phos.a(startup.o)

.debug_loc      0x00000000     0x1486
 .debug_loc     0x00000000       0x62 proc.o
 .debug_loc     0x00000062      0x12a phos.a(serial.o)
 .debug_loc     0x0000018c      0xc7f phos.a(phos.o)
 .debug_loc     0x00000e0b      0x5b3 phos.a(lib.o)
 .debug_loc     0x000013be       0xc8 phos.a(startup.o)

.debug_aranges  0x00000000       0xa0
 .debug_aranges
                0x00000000       0x20 proc.o
 .debug_aranges
                0x00000020       0x20 phos.a(serial.o)
 .debug_aranges
                0x00000040       0x20 phos.a(phos.o)
 .debug_aranges
                0x00000060       0x20 phos.a(lib.o)
 .debug_aranges
                0x00000080       0x20 phos.a(startup.o)

.debug_line     0x00000000      0x70e
 .debug_line    0x00000000       0x60 proc.o
 .debug_line    0x00000060      0x181 phos.a(serial.o)
 .debug_line    0x000001e1      0x361 phos.a(phos.o)
 .debug_line    0x00000542      0x144 phos.a(lib.o)
 .debug_line    0x00000686       0x88 phos.a(startup.o)

.debug_str      0x00000000      0x8f0
 .debug_str     0x00000000      0x112 proc.o
                                0x122 (size before relaxing)
 .debug_str     0x00000112      0x115 phos.a(serial.o)
                                0x267 (size before relaxing)
 .debug_str     0x00000227      0x611 phos.a(phos.o)
                                0x841 (size before relaxing)
 .debug_str     0x00000838       0x4c phos.a(lib.o)
                                0x15e (size before relaxing)
 .debug_str     0x00000884       0x6c phos.a(startup.o)
                                0x167 (size before relaxing)

.comment        0x00000000       0x7f
 .comment       0x00000000       0x7f proc.o
                                 0x80 (size before relaxing)
 .comment       0x0000007f       0x80 phos.a(serial.o)
 .comment       0x0000007f       0x80 phos.a(phos.o)
 .comment       0x0000007f       0x80 phos.a(lib.o)
 .comment       0x0000007f       0x80 phos.a(startup.o)

.ARM.attributes
                0x00000000       0x2f
 .ARM.attributes
                0x00000000       0x31 proc.o
 .ARM.attributes
                0x00000031       0x31 phos.a(serial.o)
 .ARM.attributes
                0x00000062       0x31 phos.a(phos.o)
 .ARM.attributes
                0x00000093       0x21 phos.a(mpx-m0.o)
 .ARM.attributes
                0x000000b4       0x31 phos.a(lib.o)
 .ARM.attributes
                0x000000e5       0x31 phos.a(startup.o)
 .ARM.attributes
                0x00000116       0x2c c:/program files (x86)/gnu tools arm embedded/7 2018-q2-update/bin/../lib/gcc/arm-none-eabi/7.3.1/../../../../arm-none-eabi/lib/thumb/v6-m\libc_nano.a(lib_a-memset.o)
 .ARM.attributes
                0x00000142       0x1c c:/program files (x86)/gnu tools arm embedded/7 2018-q2-update/bin/../lib/gcc/arm-none-eabi/7.3.1/../../../../arm-none-eabi/lib/thumb/v6-m\libc_nano.a(lib_a-strlen.o)
 .ARM.attributes
                0x0000015e       0x2c c:/program files (x86)/gnu tools arm embedded/7 2018-q2-update/bin/../lib/gcc/arm-none-eabi/7.3.1/../../../../arm-none-eabi/lib/thumb/v6-m\libc_nano.a(lib_a-strncpy.o)
 .ARM.attributes
                0x0000018a       0x1e c:/program files (x86)/gnu tools arm embedded/7 2018-q2-update/bin/../lib/gcc/arm-none-eabi/7.3.1/thumb/v6-m\libgcc.a(_udivsi3.o)
 .ARM.attributes
                0x000001a8       0x1e c:/program files (x86)/gnu tools arm embedded/7 2018-q2-update/bin/../lib/gcc/arm-none-eabi/7.3.1/thumb/v6-m\libgcc.a(_dvmd_tls.o)

.debug_frame    0x00000000      0x56c
 .debug_frame   0x00000000       0x58 proc.o
 .debug_frame   0x00000058       0xf0 phos.a(serial.o)
 .debug_frame   0x00000148      0x228 phos.a(phos.o)
 .debug_frame   0x00000370       0xfc phos.a(lib.o)
 .debug_frame   0x0000046c       0x94 phos.a(startup.o)
 .debug_frame   0x00000500       0x20 c:/program files (x86)/gnu tools arm embedded/7 2018-q2-update/bin/../lib/gcc/arm-none-eabi/7.3.1/../../../../arm-none-eabi/lib/thumb/v6-m\libc_nano.a(lib_a-memset.o)
 .debug_frame   0x00000520       0x2c c:/program files (x86)/gnu tools arm embedded/7 2018-q2-update/bin/../lib/gcc/arm-none-eabi/7.3.1/../../../../arm-none-eabi/lib/thumb/v6-m\libc_nano.a(lib_a-strncpy.o)
 .debug_frame   0x0000054c       0x20 c:/program files (x86)/gnu tools arm embedded/7 2018-q2-update/bin/../lib/gcc/arm-none-eabi/7.3.1/thumb/v6-m\libgcc.a(_udivsi3.o)

.debug_ranges   0x00000000       0xd0
 .debug_ranges  0x00000000       0x80 phos.a(phos.o)
 .debug_ranges  0x00000080       0x50 phos.a(lib.o)
