Archive member included to satisfy reference by file (symbol)

phos.a(serial.o)              race.o (serial_printf)
phos.a(phos.o)                phos.a(serial.o) (send)
phos.a(mpx-m0.o)              phos.a(phos.o) (setstack)
phos.a(lib.o)                 phos.a(serial.o) (do_print)
phos.a(startup.o)             phos.a(phos.o) (spin)
c:/program files (x86)/gnu tools arm embedded/7 2018-q2-update/bin/../lib/gcc/arm-none-eabi/7.3.1/../../../../arm-none-eabi/lib/thumb/v6-m\libc_nano.a(lib_a-memset.o)
                              phos.a(phos.o) (memset)
c:/program files (x86)/gnu tools arm embedded/7 2018-q2-update/bin/../lib/gcc/arm-none-eabi/7.3.1/../../../../arm-none-eabi/lib/thumb/v6-m\libc_nano.a(lib_a-strlen.o)
                              phos.a(phos.o) (strlen)
c:/program files (x86)/gnu tools arm embedded/7 2018-q2-update/bin/../lib/gcc/arm-none-eabi/7.3.1/../../../../arm-none-eabi/lib/thumb/v6-m\libc_nano.a(lib_a-strncpy.o)
                              phos.a(phos.o) (strncpy)
c:/program files (x86)/gnu tools arm embedded/7 2018-q2-update/bin/../lib/gcc/arm-none-eabi/7.3.1/thumb/v6-m\libgcc.a(_udivsi3.o)
                              phos.a(lib.o) (__aeabi_uidiv)
c:/program files (x86)/gnu tools arm embedded/7 2018-q2-update/bin/../lib/gcc/arm-none-eabi/7.3.1/thumb/v6-m\libgcc.a(_dvmd_tls.o)
                              c:/program files (x86)/gnu tools arm embedded/7 2018-q2-update/bin/../lib/gcc/arm-none-eabi/7.3.1/thumb/v6-m\libgcc.a(_udivsi3.o) (__aeabi_idiv0)

Memory Configuration

Name             Origin             Length             Attributes
FLASH            0x00000000         0x00040000         xr
RAM              0x20000000         0x00004000         xrw
*default*        0x00000000         0xffffffff

Linker script and memory map

LOAD race.o
LOAD phos.a
LOAD c:/program files (x86)/gnu tools arm embedded/7 2018-q2-update/bin/../lib/gcc/arm-none-eabi/7.3.1/../../../../arm-none-eabi/lib/thumb/v6-m\libc_nano.a
LOAD c:/program files (x86)/gnu tools arm embedded/7 2018-q2-update/bin/../lib/gcc/arm-none-eabi/7.3.1/thumb/v6-m\libgcc.a

.text           0x00000000     0x13bc
 *(.vectors)
 .vectors       0x00000000       0xc0 phos.a(startup.o)
                0x00000000                __vectors
 *(.text*)
 .text          0x000000c0       0x98 race.o
                0x000000c0                proc1
                0x000000e0                proc2
                0x0000011c                init
 .text          0x00000158      0x390 phos.a(serial.o)
                0x00000180                serial_putc
                0x0000048c                serial_printf
                0x000004ac                serial_getc
                0x000004c6                serial_init
 .text          0x000004e8      0x7a0 phos.a(phos.o)
                0x00000564                exit
                0x00000654                interrupt
                0x000006b8                yield
                0x000006bc                phos_start
                0x000006d8                send
                0x000006dc                receive
                0x000006e0                sendrec
                0x000006e4                connect
                0x000006e8                setprio
                0x000006ec                dump
                0x000006f0                kprintf
                0x00000720                panic
                0x00000764                intr_handler
                0x000007cc                hardfault_handler
                0x00000818                phos_init
                0x0000088c                start
                0x00000974                system_call
 .text          0x00000c88       0x80 phos.a(mpx-m0.o)
                0x00000c88                setstack
                0x00000cc2                svc_handler
                0x00000cd2                phos_interrupt
                0x00000ce8                lock
                0x00000cf4                unlock
                0x00000cf8                restore
 .text          0x00000d08      0x230 phos.a(lib.o)
                0x00000d58                f_printc
                0x00000d62                f_storec
                0x00000d6c                atoi
                0x00000dac                xtou
                0x00000de6                _do_print
                0x00000ef0                do_print
                0x00000f04                sprintf
 .text          0x00000f38      0x154 phos.a(startup.o)
                0x00000f38                default_handler
                0x00000f38                spin
                0x00000f80                null
                0x00000f82                __reset
                0x00000ffc                set_priority
                0x0000105c                enable_irq
                0x0000106c                disable_irq
                0x0000107c                clear_pending
 .text          0x0000108c        0x0 c:/program files (x86)/gnu tools arm embedded/7 2018-q2-update/bin/../lib/gcc/arm-none-eabi/7.3.1/../../../../arm-none-eabi/lib/thumb/v6-m\libc_nano.a(lib_a-memset.o)
 .text.memset   0x0000108c       0x10 c:/program files (x86)/gnu tools arm embedded/7 2018-q2-update/bin/../lib/gcc/arm-none-eabi/7.3.1/../../../../arm-none-eabi/lib/thumb/v6-m\libc_nano.a(lib_a-memset.o)
                0x0000108c                memset
 .text          0x0000109c        0xe c:/program files (x86)/gnu tools arm embedded/7 2018-q2-update/bin/../lib/gcc/arm-none-eabi/7.3.1/../../../../arm-none-eabi/lib/thumb/v6-m\libc_nano.a(lib_a-strlen.o)
                0x0000109c                strlen
 .text          0x000010aa        0x0 c:/program files (x86)/gnu tools arm embedded/7 2018-q2-update/bin/../lib/gcc/arm-none-eabi/7.3.1/../../../../arm-none-eabi/lib/thumb/v6-m\libc_nano.a(lib_a-strncpy.o)
 .text.strncpy  0x000010aa       0x28 c:/program files (x86)/gnu tools arm embedded/7 2018-q2-update/bin/../lib/gcc/arm-none-eabi/7.3.1/../../../../arm-none-eabi/lib/thumb/v6-m\libc_nano.a(lib_a-strncpy.o)
                0x000010aa                strncpy
 *fill*         0x000010d2        0x2 
 .text          0x000010d4      0x114 c:/program files (x86)/gnu tools arm embedded/7 2018-q2-update/bin/../lib/gcc/arm-none-eabi/7.3.1/thumb/v6-m\libgcc.a(_udivsi3.o)
                0x000010d4                __aeabi_uidiv
                0x000010d4                __udivsi3
                0x000011e0                __aeabi_uidivmod
 .text          0x000011e8        0x4 c:/program files (x86)/gnu tools arm embedded/7 2018-q2-update/bin/../lib/gcc/arm-none-eabi/7.3.1/thumb/v6-m\libgcc.a(_dvmd_tls.o)
                0x000011e8                __aeabi_idiv0
                0x000011e8                __aeabi_ldiv0
 *(.rodata*)
 .rodata.str1.4
                0x000011ec       0x16 race.o
 *fill*         0x00001202        0x2 
 .rodata.str1.4
                0x00001204       0x53 phos.a(serial.o)
 *fill*         0x00001257        0x1 
 .rodata        0x00001258       0x20 phos.a(phos.o)
 .rodata.str1.4
                0x00001278       0xd7 phos.a(phos.o)
                                 0xdf (size before relaxing)
 *fill*         0x0000134f        0x1 
 .rodata        0x00001350       0x58 phos.a(lib.o)
 .rodata.str1.4
                0x000013a8       0x14 phos.a(lib.o)
                                 0x11 (size before relaxing)
                0x000013bc                . = ALIGN (0x4)
                0x000013bc                __etext = .

.glue_7         0x000013bc        0x0
 .glue_7        0x000013bc        0x0 linker stubs

.glue_7t        0x000013bc        0x0
 .glue_7t       0x000013bc        0x0 linker stubs

.vfp11_veneer   0x000013bc        0x0
 .vfp11_veneer  0x000013bc        0x0 linker stubs

.v4_bx          0x000013bc        0x0
 .v4_bx         0x000013bc        0x0 linker stubs

.iplt           0x000013bc        0x0
 .iplt          0x000013bc        0x0 race.o

.rel.dyn        0x000013bc        0x0
 .rel.iplt      0x000013bc        0x0 race.o

.data           0x20000000        0xc load address 0x000013bc
                0x20000000                __data_start = .
 *(.data*)
 .data          0x20000000        0x0 race.o
 .data          0x20000000        0x8 phos.a(serial.o)
 .data          0x20000008        0x4 phos.a(phos.o)
 .data          0x2000000c        0x0 phos.a(mpx-m0.o)
 .data          0x2000000c        0x0 phos.a(lib.o)
 .data          0x2000000c        0x0 phos.a(startup.o)
 .data          0x2000000c        0x0 c:/program files (x86)/gnu tools arm embedded/7 2018-q2-update/bin/../lib/gcc/arm-none-eabi/7.3.1/../../../../arm-none-eabi/lib/thumb/v6-m\libc_nano.a(lib_a-memset.o)
 .data          0x2000000c        0x0 c:/program files (x86)/gnu tools arm embedded/7 2018-q2-update/bin/../lib/gcc/arm-none-eabi/7.3.1/../../../../arm-none-eabi/lib/thumb/v6-m\libc_nano.a(lib_a-strlen.o)
 .data          0x2000000c        0x0 c:/program files (x86)/gnu tools arm embedded/7 2018-q2-update/bin/../lib/gcc/arm-none-eabi/7.3.1/../../../../arm-none-eabi/lib/thumb/v6-m\libc_nano.a(lib_a-strncpy.o)
 .data          0x2000000c        0x0 c:/program files (x86)/gnu tools arm embedded/7 2018-q2-update/bin/../lib/gcc/arm-none-eabi/7.3.1/thumb/v6-m\libgcc.a(_udivsi3.o)
 .data          0x2000000c        0x0 c:/program files (x86)/gnu tools arm embedded/7 2018-q2-update/bin/../lib/gcc/arm-none-eabi/7.3.1/thumb/v6-m\libgcc.a(_dvmd_tls.o)
                0x2000000c                . = ALIGN (0x4)
                0x2000000c                __data_end = .

.igot.plt       0x2000000c        0x0 load address 0x000013c8
 .igot.plt      0x2000000c        0x0 race.o

.bss            0x2000000c      0x588 load address 0x000013c8
                0x2000000c                __bss_start = .
 *(.bss*)
 .bss           0x2000000c        0x4 race.o
 .bss           0x20000010      0x11c phos.a(serial.o)
 .bss           0x2000012c      0x464 phos.a(phos.o)
 .bss           0x20000590        0x4 phos.a(mpx-m0.o)
 .bss           0x20000594        0x0 phos.a(lib.o)
 .bss           0x20000594        0x0 phos.a(startup.o)
 .bss           0x20000594        0x0 c:/program files (x86)/gnu tools arm embedded/7 2018-q2-update/bin/../lib/gcc/arm-none-eabi/7.3.1/../../../../arm-none-eabi/lib/thumb/v6-m\libc_nano.a(lib_a-memset.o)
 .bss           0x20000594        0x0 c:/program files (x86)/gnu tools arm embedded/7 2018-q2-update/bin/../lib/gcc/arm-none-eabi/7.3.1/../../../../arm-none-eabi/lib/thumb/v6-m\libc_nano.a(lib_a-strlen.o)
 .bss           0x20000594        0x0 c:/program files (x86)/gnu tools arm embedded/7 2018-q2-update/bin/../lib/gcc/arm-none-eabi/7.3.1/../../../../arm-none-eabi/lib/thumb/v6-m\libc_nano.a(lib_a-strncpy.o)
 .bss           0x20000594        0x0 c:/program files (x86)/gnu tools arm embedded/7 2018-q2-update/bin/../lib/gcc/arm-none-eabi/7.3.1/thumb/v6-m\libgcc.a(_udivsi3.o)
 .bss           0x20000594        0x0 c:/program files (x86)/gnu tools arm embedded/7 2018-q2-update/bin/../lib/gcc/arm-none-eabi/7.3.1/thumb/v6-m\libgcc.a(_dvmd_tls.o)
 *(COMMON)
                0x20000594                . = ALIGN (0x4)
                0x20000594                __bss_end = .
                0x20000594                __end = .
                0x20004000                __stack = (ORIGIN (RAM) + LENGTH (RAM))
                0x20003800                __stack_limit = (__stack - 0x800)
                0x00000001                ASSERT ((__stack_limit >= __end), region RAM overlaps with stack)
OUTPUT(race.elf elf32-littlearm)

.debug_info     0x00000000     0x2707
 .debug_info    0x00000000      0x197 race.o
 .debug_info    0x00000197      0x5e4 phos.a(serial.o)
 .debug_info    0x0000077b     0x1865 phos.a(phos.o)
 .debug_info    0x00001fe0      0x564 phos.a(lib.o)
 .debug_info    0x00002544      0x1c3 phos.a(startup.o)

.debug_abbrev   0x00000000      0xa49
 .debug_abbrev  0x00000000       0xcc race.o
 .debug_abbrev  0x000000cc      0x1d9 phos.a(serial.o)
 .debug_abbrev  0x000002a5      0x469 phos.a(phos.o)
 .debug_abbrev  0x0000070e      0x228 phos.a(lib.o)
 .debug_abbrev  0x00000936      0x113 phos.a(startup.o)

.debug_loc      0x00000000     0x14f4
 .debug_loc     0x00000000       0xd0 race.o
 .debug_loc     0x000000d0      0x12a phos.a(serial.o)
 .debug_loc     0x000001fa      0xc7f phos.a(phos.o)
 .debug_loc     0x00000e79      0x5b3 phos.a(lib.o)
 .debug_loc     0x0000142c       0xc8 phos.a(startup.o)

.debug_aranges  0x00000000       0xa0
 .debug_aranges
                0x00000000       0x20 race.o
 .debug_aranges
                0x00000020       0x20 phos.a(serial.o)
 .debug_aranges
                0x00000040       0x20 phos.a(phos.o)
 .debug_aranges
                0x00000060       0x20 phos.a(lib.o)
 .debug_aranges
                0x00000080       0x20 phos.a(startup.o)

.debug_line     0x00000000      0x713
 .debug_line    0x00000000       0x65 race.o
 .debug_line    0x00000065      0x181 phos.a(serial.o)
 .debug_line    0x000001e6      0x361 phos.a(phos.o)
 .debug_line    0x00000547      0x144 phos.a(lib.o)
 .debug_line    0x0000068b       0x88 phos.a(startup.o)

.debug_str      0x00000000      0x8f0
 .debug_str     0x00000000      0x112 race.o
                                0x127 (size before relaxing)
 .debug_str     0x00000112      0x115 phos.a(serial.o)
                                0x267 (size before relaxing)
 .debug_str     0x00000227      0x611 phos.a(phos.o)
                                0x841 (size before relaxing)
 .debug_str     0x00000838       0x4c phos.a(lib.o)
                                0x15e (size before relaxing)
 .debug_str     0x00000884       0x6c phos.a(startup.o)
                                0x167 (size before relaxing)

.comment        0x00000000       0x7f
 .comment       0x00000000       0x7f race.o
                                 0x80 (size before relaxing)
 .comment       0x0000007f       0x80 phos.a(serial.o)
 .comment       0x0000007f       0x80 phos.a(phos.o)
 .comment       0x0000007f       0x80 phos.a(lib.o)
 .comment       0x0000007f       0x80 phos.a(startup.o)

.ARM.attributes
                0x00000000       0x2f
 .ARM.attributes
                0x00000000       0x31 race.o
 .ARM.attributes
                0x00000031       0x31 phos.a(serial.o)
 .ARM.attributes
                0x00000062       0x31 phos.a(phos.o)
 .ARM.attributes
                0x00000093       0x21 phos.a(mpx-m0.o)
 .ARM.attributes
                0x000000b4       0x31 phos.a(lib.o)
 .ARM.attributes
                0x000000e5       0x31 phos.a(startup.o)
 .ARM.attributes
                0x00000116       0x2c c:/program files (x86)/gnu tools arm embedded/7 2018-q2-update/bin/../lib/gcc/arm-none-eabi/7.3.1/../../../../arm-none-eabi/lib/thumb/v6-m\libc_nano.a(lib_a-memset.o)
 .ARM.attributes
                0x00000142       0x1c c:/program files (x86)/gnu tools arm embedded/7 2018-q2-update/bin/../lib/gcc/arm-none-eabi/7.3.1/../../../../arm-none-eabi/lib/thumb/v6-m\libc_nano.a(lib_a-strlen.o)
 .ARM.attributes
                0x0000015e       0x2c c:/program files (x86)/gnu tools arm embedded/7 2018-q2-update/bin/../lib/gcc/arm-none-eabi/7.3.1/../../../../arm-none-eabi/lib/thumb/v6-m\libc_nano.a(lib_a-strncpy.o)
 .ARM.attributes
                0x0000018a       0x1e c:/program files (x86)/gnu tools arm embedded/7 2018-q2-update/bin/../lib/gcc/arm-none-eabi/7.3.1/thumb/v6-m\libgcc.a(_udivsi3.o)
 .ARM.attributes
                0x000001a8       0x1e c:/program files (x86)/gnu tools arm embedded/7 2018-q2-update/bin/../lib/gcc/arm-none-eabi/7.3.1/thumb/v6-m\libgcc.a(_dvmd_tls.o)

.debug_frame    0x00000000      0x574
 .debug_frame   0x00000000       0x60 race.o
 .debug_frame   0x00000060       0xf0 phos.a(serial.o)
 .debug_frame   0x00000150      0x228 phos.a(phos.o)
 .debug_frame   0x00000378       0xfc phos.a(lib.o)
 .debug_frame   0x00000474       0x94 phos.a(startup.o)
 .debug_frame   0x00000508       0x20 c:/program files (x86)/gnu tools arm embedded/7 2018-q2-update/bin/../lib/gcc/arm-none-eabi/7.3.1/../../../../arm-none-eabi/lib/thumb/v6-m\libc_nano.a(lib_a-memset.o)
 .debug_frame   0x00000528       0x2c c:/program files (x86)/gnu tools arm embedded/7 2018-q2-update/bin/../lib/gcc/arm-none-eabi/7.3.1/../../../../arm-none-eabi/lib/thumb/v6-m\libc_nano.a(lib_a-strncpy.o)
 .debug_frame   0x00000554       0x20 c:/program files (x86)/gnu tools arm embedded/7 2018-q2-update/bin/../lib/gcc/arm-none-eabi/7.3.1/thumb/v6-m\libgcc.a(_udivsi3.o)

.debug_ranges   0x00000000       0xd0
 .debug_ranges  0x00000000       0x80 phos.a(phos.o)
 .debug_ranges  0x00000080       0x50 phos.a(lib.o)
