Archive member included to satisfy reference by file (symbol)

C:\Program Files (x86)\GNU Tools ARM Embedded\7 2018-q2-update\arm-none-eabi\lib\thumb\v6-m\libgcc.a(_udivsi3.o)
                              lib.o (__aeabi_uidiv)
C:\Program Files (x86)\GNU Tools ARM Embedded\7 2018-q2-update\arm-none-eabi\lib\thumb\v6-m\libgcc.a(_dvmd_tls.o)
                              C:\Program Files (x86)\GNU Tools ARM Embedded\7 2018-q2-update\arm-none-eabi\lib\thumb\v6-m\libgcc.a(_udivsi3.o) (__aeabi_idiv0)

Memory Configuration

Name             Origin             Length             Attributes
FLASH            0x00000000         0x00040000         xr
RAM              0x20000000         0x00004000         xrw
*default*        0x00000000         0xffffffff

Linker script and memory map

LOAD heart-intr.o
LOAD lib.o
LOAD startup.o
LOAD C:\Program Files (x86)\GNU Tools ARM Embedded\7 2018-q2-update\arm-none-eabi\lib\thumb\v6-m\libgcc.a

.text           0x00000000      0x720
 *(.vectors)
 .vectors       0x00000000       0xc0 startup.o
                0x00000000                __vectors
 *(.text*)
 .text          0x000000c0      0x14c heart-intr.o
                0x000000c0                advance
                0x0000014c                timer1_handler
                0x00000168                init_timer
                0x000001d4                init
 .text          0x0000020c      0x20c lib.o
                0x00000368                atoi
                0x000003a8                xtou
                0x000003d2                do_print
                0x000003e6                sprintf
 .text          0x00000418      0x15c startup.o
                0x00000418                default_handler
                0x00000418                spin
                0x00000460                lpcomp_handler
                0x00000460                systick_handler
                0x00000460                timer0_handler
                0x00000460                swi0_handler
                0x00000460                rtc0_handler
                0x00000460                rtc1_handler
                0x00000460                swi4_handler
                0x00000460                timer2_handler
                0x00000460                nmi_handler
                0x00000460                uart_handler
                0x00000460                swi5_handler
                0x00000460                svc_handler
                0x00000460                wdt_handler
                0x00000460                hardfault_handler
                0x00000460                swi1_handler
                0x00000460                qdec_handler
                0x00000460                spi0_twi0_handler
                0x00000460                rng_handler
                0x00000460                temp_handler
                0x00000460                power_clock_handler
                0x00000460                gpiote_handler
                0x00000460                adc_handler
                0x00000460                swi2_handler
                0x00000460                ccm_aar_handler
                0x00000460                pendsv_handler
                0x00000460                ecb_handler
                0x00000460                swi3_handler
                0x00000460                spi1_twi1_handler
                0x00000460                radio_handler
                0x00000468                null
                0x00000468                phos_start
                0x00000468                phos_init
                0x0000046a                __reset
                0x000004e4                set_priority
                0x00000544                enable_irq
                0x00000554                disable_irq
                0x00000564                clear_pending
 .text          0x00000574      0x120 C:\Program Files (x86)\GNU Tools ARM Embedded\7 2018-q2-update\arm-none-eabi\lib\thumb\v6-m\libgcc.a(_udivsi3.o)
                0x00000574                __aeabi_uidiv
                0x00000574                __udivsi3
                0x00000680                __aeabi_uidivmod
 .text          0x00000694        0x4 C:\Program Files (x86)\GNU Tools ARM Embedded\7 2018-q2-update\arm-none-eabi\lib\thumb\v6-m\libgcc.a(_dvmd_tls.o)
                0x00000694                __aeabi_idiv0
                0x00000694                __aeabi_ldiv0
 *(.rodata*)
 .rodata        0x00000698       0x18 heart-intr.o
 .rodata        0x000006b0       0x58 lib.o
 .rodata.str1.4
                0x00000708       0x18 lib.o
                                 0x17 (size before relaxing)
                0x00000720                . = ALIGN (0x4)
                0x00000720                __etext = .

.glue_7         0x00000720        0x0
 .glue_7        0x00000720        0x0 linker stubs

.glue_7t        0x00000720        0x0
 .glue_7t       0x00000720        0x0 linker stubs

.vfp11_veneer   0x00000720        0x0
 .vfp11_veneer  0x00000720        0x0 linker stubs

.v4_bx          0x00000720        0x0
 .v4_bx         0x00000720        0x0 linker stubs

.iplt           0x00000720        0x0
 .iplt          0x00000720        0x0 heart-intr.o

.rel.dyn        0x00000720        0x0
 .rel.iplt      0x00000720        0x0 heart-intr.o

.data           0x20000000        0x0 load address 0x00000720
                0x20000000                __data_start = .
 *(.data*)
 .data          0x20000000        0x0 heart-intr.o
 .data          0x20000000        0x0 lib.o
 .data          0x20000000        0x0 startup.o
 .data          0x20000000        0x0 C:\Program Files (x86)\GNU Tools ARM Embedded\7 2018-q2-update\arm-none-eabi\lib\thumb\v6-m\libgcc.a(_udivsi3.o)
 .data          0x20000000        0x0 C:\Program Files (x86)\GNU Tools ARM Embedded\7 2018-q2-update\arm-none-eabi\lib\thumb\v6-m\libgcc.a(_dvmd_tls.o)
                0x20000000                . = ALIGN (0x4)
                0x20000000                __data_end = .

.igot.plt       0x20000000        0x0 load address 0x00000720
 .igot.plt      0x20000000        0x0 heart-intr.o

.bss            0x20000000        0x4 load address 0x00000720
                0x20000000                __bss_start = .
 *(.bss*)
 .bss           0x20000000        0x4 heart-intr.o
 .bss           0x20000004        0x0 lib.o
 .bss           0x20000004        0x0 startup.o
 .bss           0x20000004        0x0 C:\Program Files (x86)\GNU Tools ARM Embedded\7 2018-q2-update\arm-none-eabi\lib\thumb\v6-m\libgcc.a(_udivsi3.o)
 .bss           0x20000004        0x0 C:\Program Files (x86)\GNU Tools ARM Embedded\7 2018-q2-update\arm-none-eabi\lib\thumb\v6-m\libgcc.a(_dvmd_tls.o)
 *(COMMON)
                0x20000004                . = ALIGN (0x4)
                0x20000004                __bss_end = .
                0x20000004                __end = .
                0x20004000                __stack = (ORIGIN (RAM) + LENGTH (RAM))
                0x20003800                __stack_limit = (__stack - 0x800)
                0x00000001                ASSERT ((__stack_limit >= __end), region RAM overflowed with stack)
OUTPUT(heart-intr.elf elf32-littlearm)

.debug_info     0x00000000      0x807
 .debug_info    0x00000000      0x11c heart-intr.o
 .debug_info    0x0000011c      0x4fd lib.o
 .debug_info    0x00000619      0x1ee startup.o

.debug_abbrev   0x00000000      0x43e
 .debug_abbrev  0x00000000       0xc8 heart-intr.o
 .debug_abbrev  0x000000c8      0x23e lib.o
 .debug_abbrev  0x00000306      0x138 startup.o

.debug_aranges  0x00000000       0x60
 .debug_aranges
                0x00000000       0x20 heart-intr.o
 .debug_aranges
                0x00000020       0x20 lib.o
 .debug_aranges
                0x00000040       0x20 startup.o

.debug_line     0x00000000      0x25a
 .debug_line    0x00000000       0x91 heart-intr.o
 .debug_line    0x00000091      0x13c lib.o
 .debug_line    0x000001cd       0x8d startup.o

.debug_str      0x00000000      0x220
 .debug_str     0x00000000      0x110 heart-intr.o
 .debug_str     0x00000110       0x80 lib.o
                                0x14f (size before relaxing)
 .debug_str     0x00000190       0x90 startup.o
                                0x16d (size before relaxing)

.comment        0x00000000       0x7f
 .comment       0x00000000       0x7f heart-intr.o
                                 0x80 (size before relaxing)
 .comment       0x0000007f       0x80 lib.o
 .comment       0x0000007f       0x80 startup.o

.ARM.attributes
                0x00000000       0x31
 .ARM.attributes
                0x00000000       0x31 heart-intr.o
 .ARM.attributes
                0x00000031       0x31 lib.o
 .ARM.attributes
                0x00000062       0x31 startup.o
 .ARM.attributes
                0x00000093       0x1e C:\Program Files (x86)\GNU Tools ARM Embedded\7 2018-q2-update\arm-none-eabi\lib\thumb\v6-m\libgcc.a(_udivsi3.o)
 .ARM.attributes
                0x000000b1       0x1e C:\Program Files (x86)\GNU Tools ARM Embedded\7 2018-q2-update\arm-none-eabi\lib\thumb\v6-m\libgcc.a(_dvmd_tls.o)

.debug_frame    0x00000000      0x228
 .debug_frame   0x00000000       0x70 heart-intr.o
 .debug_frame   0x00000070       0xec lib.o
 .debug_frame   0x0000015c       0xac startup.o
 .debug_frame   0x00000208       0x20 C:\Program Files (x86)\GNU Tools ARM Embedded\7 2018-q2-update\arm-none-eabi\lib\thumb\v6-m\libgcc.a(_udivsi3.o)

.debug_loc      0x00000000      0x5d8
 .debug_loc     0x00000000      0x510 lib.o
 .debug_loc     0x00000510       0xc8 startup.o

.debug_ranges   0x00000000       0x30
 .debug_ranges  0x00000000       0x30 lib.o
